This is pdfTeX, Version 3.141592653-2.6-1.40.24 (TeX Live 2022) (preloaded format=pdflatex 2022.8.16)  13 MAY 2026 15:25
entering extended mode
 restricted \write18 enabled.
 %&-line parsing enabled.
**main.tex
(./main.tex
LaTeX2e <2022-06-01> patch level 5
L3 programming layer <2022-08-05> (./template_from_google.cls
Document Class: template_from_google 
(/export/pkgs/texlive-2022/texmf-dist/tex/latex/xifthen/xifthen.sty
Package: xifthen 2015/11/05 v1.4.0 Extended ifthen features

(/export/pkgs/texlive-2022/texmf-dist/tex/latex/tools/calc.sty
Package: calc 2017/05/25 v4.3 Infix arithmetic (KKT,FJ)
\calc@Acount=\count185
\calc@Bcount=\count186
\calc@Adimen=\dimen138
\calc@Bdimen=\dimen139
\calc@Askip=\skip47
\calc@Bskip=\skip48
LaTeX Info: Redefining \setlength on input line 80.
LaTeX Info: Redefining \addtolength on input line 81.
\calc@Ccount=\count187
\calc@Cskip=\skip49
)
(/export/pkgs/texlive-2022/texmf-dist/tex/latex/base/ifthen.sty
Package: ifthen 2022/04/13 v1.1d Standard LaTeX ifthen package (DPC)
)
(/export/pkgs/texlive-2022/texmf-dist/tex/latex/ifmtarg/ifmtarg.sty
Package: ifmtarg 2018/04/16 v1.2b check for an empty argument
))
(/export/pkgs/texlive-2022/texmf-dist/tex/latex/extsizes/extarticle.cls
Document Class: extarticle 1996/10/08 v1.0 Non Standard LaTeX document class
(/export/pkgs/texlive-2022/texmf-dist/tex/latex/base/size11.clo
File: size11.clo 2021/10/04 v1.4n Standard LaTeX file (size option)
)
(/export/pkgs/texlive-2022/texmf-dist/tex/latex/base/exscale.sty
Package: exscale 2018/09/24 v2.1i Standard LaTeX package exscale
LaTeX Font Info:    Redeclaring symbol font `largesymbols' on input line 57.
LaTeX Font Info:    Overwriting symbol font `largesymbols' in version `normal'
(Font)                  OMX/cmex/m/n --> OMX/cmex/m/n on input line 57.
LaTeX Font Info:    Overwriting symbol font `largesymbols' in version `bold'
(Font)                  OMX/cmex/m/n --> OMX/cmex/m/n on input line 57.
\big@size=\dimen140
)
\c@part=\count188
\c@section=\count189
\c@subsection=\count190
\c@subsubsection=\count191
\c@paragraph=\count192
\c@subparagraph=\count193
\c@figure=\count194
\c@table=\count195
\abovecaptionskip=\skip50
\belowcaptionskip=\skip51
\bibindent=\dimen141
)
(/export/pkgs/texlive-2022/texmf-dist/tex/latex/base/inputenc.sty
Package: inputenc 2021/02/14 v1.3d Input encoding file
\inpenc@prehook=\toks16
\inpenc@posthook=\toks17
)
(/export/pkgs/texlive-2022/texmf-dist/tex/generic/babel/babel.sty
Package: babel 2022/07/20 3.78 The Babel package
\babel@savecnt=\count196
\U@D=\dimen142
\l@unhyphenated=\language87

(/export/pkgs/texlive-2022/texmf-dist/tex/generic/babel/txtbabel.def)
\bbl@readstream=\read2
\bbl@dirlevel=\count197

(/export/pkgs/texlive-2022/texmf-dist/tex/generic/babel-english/english.ldf
Language: english 2017/06/06 v3.3r English support from the babel system
Package babel Info: Hyphen rules for 'canadian' set to \l@english
(babel)             (\language0). Reported on input line 102.
Package babel Info: Hyphen rules for 'australian' set to \l@ukenglish
(babel)             (\language21). Reported on input line 105.
Package babel Info: Hyphen rules for 'newzealand' set to \l@ukenglish
(babel)             (\language21). Reported on input line 108.
))
(/export/pkgs/texlive-2022/texmf-dist/tex/generic/babel/locale/en/babel-english
.tex
Package babel Info: Importing font and identification data for english
(babel)             from babel-en.ini. Reported on input line 11.
) (/export/pkgs/texlive-2022/texmf-dist/tex/latex/amscls/amsthm.sty
Package: amsthm 2020/05/29 v2.20.6
\thm@style=\toks18
\thm@bodyfont=\toks19
\thm@headfont=\toks20
\thm@notefont=\toks21
\thm@headpunct=\toks22
\thm@preskip=\skip52
\thm@postskip=\skip53
\thm@headsep=\skip54
\dth@everypar=\toks23
)
(/export/pkgs/texlive-2022/texmf-dist/tex/latex/amsmath/amsmath.sty
Package: amsmath 2022/04/08 v2.17n AMS math features
\@mathmargin=\skip55

For additional information on amsmath, use the `?' option.
(/export/pkgs/texlive-2022/texmf-dist/tex/latex/amsmath/amstext.sty
Package: amstext 2021/08/26 v2.01 AMS text

(/export/pkgs/texlive-2022/texmf-dist/tex/latex/amsmath/amsgen.sty
File: amsgen.sty 1999/11/30 v2.0 generic functions
\@emptytoks=\toks24
\ex@=\dimen143
))
(/export/pkgs/texlive-2022/texmf-dist/tex/latex/amsmath/amsbsy.sty
Package: amsbsy 1999/11/29 v1.2d Bold Symbols
\pmbraise@=\dimen144
)
(/export/pkgs/texlive-2022/texmf-dist/tex/latex/amsmath/amsopn.sty
Package: amsopn 2022/04/08 v2.04 operator names
)
\inf@bad=\count198
LaTeX Info: Redefining \frac on input line 234.
\uproot@=\count199
\leftroot@=\count266
LaTeX Info: Redefining \overline on input line 399.
LaTeX Info: Redefining \colon on input line 410.
\classnum@=\count267
\DOTSCASE@=\count268
LaTeX Info: Redefining \ldots on input line 496.
LaTeX Info: Redefining \dots on input line 499.
LaTeX Info: Redefining \cdots on input line 620.
\Mathstrutbox@=\box51
\strutbox@=\box52
LaTeX Info: Redefining \big on input line 722.
LaTeX Info: Redefining \Big on input line 723.
LaTeX Info: Redefining \bigg on input line 724.
LaTeX Info: Redefining \Bigg on input line 725.
\big@size=\dimen145
LaTeX Font Info:    Redeclaring font encoding OML on input line 743.
LaTeX Font Info:    Redeclaring font encoding OMS on input line 744.
\macc@depth=\count269
LaTeX Info: Redefining \bmod on input line 905.
LaTeX Info: Redefining \pmod on input line 910.
LaTeX Info: Redefining \smash on input line 940.
LaTeX Info: Redefining \relbar on input line 970.
LaTeX Info: Redefining \Relbar on input line 971.
\c@MaxMatrixCols=\count270
\dotsspace@=\muskip16
\c@parentequation=\count271
\dspbrk@lvl=\count272
\tag@help=\toks25
\row@=\count273
\column@=\count274
\maxfields@=\count275
\andhelp@=\toks26
\eqnshift@=\dimen146
\alignsep@=\dimen147
\tagshift@=\dimen148
\tagwidth@=\dimen149
\totwidth@=\dimen150
\lineht@=\dimen151
\@envbody=\toks27
\multlinegap=\skip56
\multlinetaggap=\skip57
\mathdisplay@stack=\toks28
LaTeX Info: Redefining \[ on input line 2953.
LaTeX Info: Redefining \] on input line 2954.
)
(/export/pkgs/texlive-2022/texmf-dist/tex/latex/amsfonts/amsfonts.sty
Package: amsfonts 2013/01/14 v3.01 Basic AMSFonts support
\symAMSa=\mathgroup4
\symAMSb=\mathgroup5
LaTeX Font Info:    Redeclaring math symbol \hbar on input line 98.
LaTeX Font Info:    Overwriting math alphabet `\mathfrak' in version `bold'
(Font)                  U/euf/m/n --> U/euf/b/n on input line 106.
)
(/export/pkgs/texlive-2022/texmf-dist/tex/latex/amsfonts/amssymb.sty
Package: amssymb 2013/01/14 v3.01 AMS font symbols
)
(/export/pkgs/texlive-2022/texmf-dist/tex/latex/cmap/cmap.sty
Package: cmap 2021/02/06 v1.0j CMap support: searchable PDF
)
(/export/pkgs/texlive-2022/texmf-dist/tex/latex/base/fontenc.sty
Package: fontenc 2021/04/29 v2.0v Standard LaTeX package
<<t1.cmap>>)
(/export/pkgs/texlive-2022/texmf-dist/tex/latex/url/url.sty
\Urlmuskip=\muskip17
Package: url 2013/09/16  ver 3.4  Verb mode for urls, etc.
)
(/export/pkgs/texlive-2022/texmf-dist/tex/latex/hyperref/hyperref.sty
Package: hyperref 2022-06-20 v7.00s Hypertext links for LaTeX

(/export/pkgs/texlive-2022/texmf-dist/tex/generic/ltxcmds/ltxcmds.sty
Package: ltxcmds 2020-05-10 v1.25 LaTeX kernel commands for general use (HO)
)
(/export/pkgs/texlive-2022/texmf-dist/tex/generic/iftex/iftex.sty
Package: iftex 2022/02/03 v1.0f TeX engine tests
)
(/export/pkgs/texlive-2022/texmf-dist/tex/generic/pdftexcmds/pdftexcmds.sty
Package: pdftexcmds 2020-06-27 v0.33 Utility functions of pdfTeX for LuaTeX (HO
)

(/export/pkgs/texlive-2022/texmf-dist/tex/generic/infwarerr/infwarerr.sty
Package: infwarerr 2019/12/03 v1.5 Providing info/warning/error messages (HO)
)
Package pdftexcmds Info: \pdf@primitive is available.
Package pdftexcmds Info: \pdf@ifprimitive is available.
Package pdftexcmds Info: \pdfdraftmode found.
)
(/export/pkgs/texlive-2022/texmf-dist/tex/latex/graphics/keyval.sty
Package: keyval 2022/05/29 v1.15 key=value parser (DPC)
\KV@toks@=\toks29
)
(/export/pkgs/texlive-2022/texmf-dist/tex/generic/kvsetkeys/kvsetkeys.sty
Package: kvsetkeys 2019/12/15 v1.18 Key value parser (HO)
)
(/export/pkgs/texlive-2022/texmf-dist/tex/generic/kvdefinekeys/kvdefinekeys.sty
Package: kvdefinekeys 2019-12-19 v1.6 Define keys (HO)
) (/export/pkgs/texlive-2022/texmf-dist/tex/generic/pdfescape/pdfescape.sty
Package: pdfescape 2019/12/09 v1.15 Implements pdfTeX's escape features (HO)
)
(/export/pkgs/texlive-2022/texmf-dist/tex/latex/hycolor/hycolor.sty
Package: hycolor 2020-01-27 v1.10 Color options for hyperref/bookmark (HO)
)
(/export/pkgs/texlive-2022/texmf-dist/tex/latex/letltxmacro/letltxmacro.sty
Package: letltxmacro 2019/12/03 v1.6 Let assignment for LaTeX macros (HO)
)
(/export/pkgs/texlive-2022/texmf-dist/tex/latex/auxhook/auxhook.sty
Package: auxhook 2019-12-17 v1.6 Hooks for auxiliary files (HO)
)
(/export/pkgs/texlive-2022/texmf-dist/tex/latex/hyperref/nameref.sty
Package: nameref 2022-05-17 v2.50 Cross-referencing by name of section

(/export/pkgs/texlive-2022/texmf-dist/tex/latex/refcount/refcount.sty
Package: refcount 2019/12/15 v3.6 Data extraction from label references (HO)
)
(/export/pkgs/texlive-2022/texmf-dist/tex/generic/gettitlestring/gettitlestring
.sty
Package: gettitlestring 2019/12/15 v1.6 Cleanup title references (HO)
 (/export/pkgs/texlive-2022/texmf-dist/tex/latex/kvoptions/kvoptions.sty
Package: kvoptions 2022-06-15 v3.15 Key value format for package options (HO)
))
\c@section@level=\count276
)
\@linkdim=\dimen152
\Hy@linkcounter=\count277
\Hy@pagecounter=\count278
(/export/pkgs/texlive-2022/texmf-dist/tex/latex/hyperref/pd1enc.def
File: pd1enc.def 2022-06-20 v7.00s Hyperref: PDFDocEncoding definition (HO)
Now handling font encoding PD1 ...
... no UTF-8 mapping file for font encoding PD1
)
(/export/pkgs/texlive-2022/texmf-dist/tex/generic/intcalc/intcalc.sty
Package: intcalc 2019/12/15 v1.3 Expandable calculations with integers (HO)
)
(/export/pkgs/texlive-2022/texmf-dist/tex/generic/etexcmds/etexcmds.sty
Package: etexcmds 2019/12/15 v1.7 Avoid name clashes with e-TeX commands (HO)
)
\Hy@SavedSpaceFactor=\count279

(/export/pkgs/texlive-2022/texmf-dist/tex/latex/hyperref/puenc.def
File: puenc.def 2022-06-20 v7.00s Hyperref: PDF Unicode definition (HO)
Now handling font encoding PU ...
... no UTF-8 mapping file for font encoding PU
)
Package hyperref Info: Option `colorlinks' set `true' on input line 4045.
Package hyperref Info: Hyper figures OFF on input line 4162.
Package hyperref Info: Link nesting OFF on input line 4167.
Package hyperref Info: Hyper index ON on input line 4170.
Package hyperref Info: Plain pages OFF on input line 4177.
Package hyperref Info: Backreferencing OFF on input line 4182.
Package hyperref Info: Implicit mode ON; LaTeX internals redefined.
Package hyperref Info: Bookmarks ON on input line 4408.
\c@Hy@tempcnt=\count280
LaTeX Info: Redefining \url on input line 4746.
\XeTeXLinkMargin=\dimen153

(/export/pkgs/texlive-2022/texmf-dist/tex/generic/bitset/bitset.sty
Package: bitset 2019/12/09 v1.3 Handle bit-vector datatype (HO)

(/export/pkgs/texlive-2022/texmf-dist/tex/generic/bigintcalc/bigintcalc.sty
Package: bigintcalc 2019/12/15 v1.5 Expandable calculations on big integers (HO
)
))
\Fld@menulength=\count281
\Field@Width=\dimen154
\Fld@charsize=\dimen155
Package hyperref Info: Hyper figures OFF on input line 6024.
Package hyperref Info: Link nesting OFF on input line 6029.
Package hyperref Info: Hyper index ON on input line 6032.
Package hyperref Info: backreferencing OFF on input line 6039.
Package hyperref Info: Link coloring ON on input line 6042.
Package hyperref Info: Link coloring with OCG OFF on input line 6049.
Package hyperref Info: PDF/A mode OFF on input line 6054.

(/export/pkgs/texlive-2022/texmf-dist/tex/latex/base/atbegshi-ltx.sty
Package: atbegshi-ltx 2021/01/10 v1.0c Emulation of the original atbegshi
package with kernel methods
)
\Hy@abspage=\count282
\c@Item=\count283
\c@Hfootnote=\count284
)
Package hyperref Info: Driver (autodetected): hpdftex.

(/export/pkgs/texlive-2022/texmf-dist/tex/latex/hyperref/hpdftex.def
File: hpdftex.def 2022-06-20 v7.00s Hyperref driver for pdfTeX

(/export/pkgs/texlive-2022/texmf-dist/tex/latex/base/atveryend-ltx.sty
Package: atveryend-ltx 2020/08/19 v1.0a Emulation of the original atveryend pac
kage
with kernel methods
)
\Fld@listcount=\count285
\c@bookmark@seq@number=\count286

(/export/pkgs/texlive-2022/texmf-dist/tex/latex/rerunfilecheck/rerunfilecheck.s
ty
Package: rerunfilecheck 2022-07-10 v1.10 Rerun checks for auxiliary files (HO)

(/export/pkgs/texlive-2022/texmf-dist/tex/generic/uniquecounter/uniquecounter.s
ty
Package: uniquecounter 2019/12/15 v1.4 Provide unlimited unique counter (HO)
)
Package uniquecounter Info: New unique counter `rerunfilecheck' on input line 2
85.
)
\Hy@SectionHShift=\skip58
) (/export/pkgs/texlive-2022/texmf-dist/tex/latex/psnfss/pifont.sty
Package: pifont 2020/03/25 PSNFSS-v9.3 Pi font support (SPQR) 
LaTeX Font Info:    Trying to load font information for U+pzd on input line 63.


(/export/pkgs/texlive-2022/texmf-dist/tex/latex/psnfss/upzd.fd
File: upzd.fd 2001/06/04 font definitions for U/pzd.
)
LaTeX Font Info:    Trying to load font information for U+psy on input line 64.


(/export/pkgs/texlive-2022/texmf-dist/tex/latex/psnfss/upsy.fd
File: upsy.fd 2001/06/04 font definitions for U/psy.
))
(/export/pkgs/texlive-2022/texmf-dist/tex/latex/xcolor/xcolor.sty
Package: xcolor 2022/06/12 v2.14 LaTeX color extensions (UK)

(/export/pkgs/texlive-2022/texmf-dist/tex/latex/graphics-cfg/color.cfg
File: color.cfg 2016/01/02 v1.6 sample color configuration
)
Package xcolor Info: Driver file: pdftex.def on input line 227.

(/export/pkgs/texlive-2022/texmf-dist/tex/latex/graphics-def/pdftex.def
File: pdftex.def 2020/10/05 v1.2a Graphics/color driver for pdftex
)
(/export/pkgs/texlive-2022/texmf-dist/tex/latex/graphics/mathcolor.ltx)
Package xcolor Info: Model `cmy' substituted by `cmy0' on input line 1353.
Package xcolor Info: Model `hsb' substituted by `rgb' on input line 1357.
Package xcolor Info: Model `RGB' extended on input line 1369.
Package xcolor Info: Model `HTML' substituted by `rgb' on input line 1371.
Package xcolor Info: Model `Hsb' substituted by `hsb' on input line 1372.
Package xcolor Info: Model `tHsb' substituted by `hsb' on input line 1373.
Package xcolor Info: Model `HSB' substituted by `hsb' on input line 1374.
Package xcolor Info: Model `Gray' substituted by `gray' on input line 1375.
Package xcolor Info: Model `wave' substituted by `hsb' on input line 1376.

(/export/pkgs/texlive-2022/texmf-dist/tex/latex/graphics/dvipsnam.def
File: dvipsnam.def 2016/06/17 v3.0m Driver-dependent file (DPC,SPQR)
))
(/export/pkgs/texlive-2022/texmf-dist/tex/latex/base/textcomp.sty
Package: textcomp 2020/02/02 v2.0n Standard LaTeX package
)
(/export/pkgs/texlive-2022/texmf-dist/tex/latex/textcase/textcase.sty
Package: textcase 2022/07/10 v1.03 Text only upper/lower case changing (DPC)
Package textcase Info: Defining Legacy names on input line 20.
)
(/export/pkgs/texlive-2022/texmf-dist/tex/latex/graphics/graphicx.sty
Package: graphicx 2021/09/16 v1.2d Enhanced LaTeX Graphics (DPC,SPQR)

(/export/pkgs/texlive-2022/texmf-dist/tex/latex/graphics/graphics.sty
Package: graphics 2022/03/10 v1.4e Standard LaTeX Graphics (DPC,SPQR)

(/export/pkgs/texlive-2022/texmf-dist/tex/latex/graphics/trig.sty
Package: trig 2021/08/11 v1.11 sin cos tan (DPC)
)
(/export/pkgs/texlive-2022/texmf-dist/tex/latex/graphics-cfg/graphics.cfg
File: graphics.cfg 2016/06/04 v1.11 sample graphics configuration
)
Package graphics Info: Driver file: pdftex.def on input line 107.
)
\Gin@req@height=\dimen156
\Gin@req@width=\dimen157
)
(/export/pkgs/texlive-2022/texmf-dist/tex/latex/colortbl/colortbl.sty
Package: colortbl 2022/06/20 v1.0f Color table columns (DPC)

(/export/pkgs/texlive-2022/texmf-dist/tex/latex/tools/array.sty
Package: array 2022/03/10 v2.5f Tabular extension package (FMi)
\col@sep=\dimen158
\ar@mcellbox=\box53
\extrarowheight=\dimen159
\NC@list=\toks30
\extratabsurround=\skip59
\backup@length=\skip60
\ar@cellbox=\box54
)
\everycr=\toks31
\minrowclearance=\skip61
\rownum=\count287
)
(/export/pkgs/texlive-2022/texmf-dist/tex/latex/booktabs/booktabs.sty
Package: booktabs 2020/01/12 v1.61803398 Publication quality tables
\heavyrulewidth=\dimen160
\lightrulewidth=\dimen161
\cmidrulewidth=\dimen162
\belowrulesep=\dimen163
\belowbottomsep=\dimen164
\aboverulesep=\dimen165
\abovetopsep=\dimen166
\cmidrulesep=\dimen167
\cmidrulekern=\dimen168
\defaultaddspace=\dimen169
\@cmidla=\count288
\@cmidlb=\count289
\@aboverulesep=\dimen170
\@belowrulesep=\dimen171
\@thisruleclass=\count290
\@lastruleclass=\count291
\@thisrulewidth=\dimen172
)
(/export/pkgs/texlive-2022/texmf-dist/tex/latex/changepage/changepage.sty
Package: changepage 2009/10/20 v1.0c check page and change page layout
\c@cp@cntr=\count292
\cp@tempcnt=\count293
)
(/export/pkgs/texlive-2022/texmf-dist/tex/latex/enumitem/enumitem.sty
Package: enumitem 2019/06/20 v3.9 Customized lists
\labelindent=\skip62
\enit@outerparindent=\dimen173
\enit@toks=\toks32
\enit@inbox=\box55
\enit@count@id=\count294
\enitdp@description=\count295
)
(/export/pkgs/texlive-2022/texmf-dist/tex/latex/tools/tabularx.sty
Package: tabularx 2020/01/15 v2.11c `tabularx' package (DPC)
\TX@col@width=\dimen174
\TX@old@table=\dimen175
\TX@old@col=\dimen176
\TX@target=\dimen177
\TX@delta=\dimen178
\TX@cols=\count296
\TX@ftn=\toks33
)
(/export/pkgs/texlive-2022/texmf-dist/tex/latex/datetime/datetime.sty
Package: datetime 2015/03/20 v2.60 Date Time Package

(/export/pkgs/texlive-2022/texmf-dist/tex/latex/etoolbox/etoolbox.sty
Package: etoolbox 2020/10/05 v2.5k e-TeX tools for LaTeX (JAW)
\etb@tempcnta=\count297
)
(/export/pkgs/texlive-2022/texmf-dist/tex/latex/fmtcount/fmtcount.sty
Package: fmtcount 2020/01/30 v3.07

(/export/pkgs/texlive-2022/texmf-dist/tex/latex/xkeyval/xkeyval.sty
Package: xkeyval 2022/06/16 v2.9 package option processing (HA)

(/export/pkgs/texlive-2022/texmf-dist/tex/generic/xkeyval/xkeyval.tex
(/export/pkgs/texlive-2022/texmf-dist/tex/generic/xkeyval/xkvutils.tex
\XKV@toks=\toks34
\XKV@tempa@toks=\toks35
)
\XKV@depth=\count298
File: xkeyval.tex 2014/12/03 v2.7a key=value parser (HA)
))
(/export/pkgs/texlive-2022/texmf-dist/tex/latex/fmtcount/fcprefix.sty
Package: fcprefix 2012/09/28

(/export/pkgs/texlive-2022/texmf-dist/tex/latex/fmtcount/fcnumparser.sty
Package: fcnumparser 2017/06/15
\fc@digit@counter=\count299
))
\c@padzeroesN=\count300
\fc@tmpcatcode=\count301

(/export/pkgs/texlive-2022/texmf-dist/tex/latex/fmtcount/fc-english.def
File: fc-english.def 2016/01/12
)
\@DT@modctr=\count302
\@ordinalctr=\count303
\@orgargctr=\count304
\@strctr=\count305
\@tmpstrctr=\count306
\@DT@loopN=\count307
\@DT@X=\count308
)
(/export/pkgs/texlive-2022/texmf-dist/tex/latex/datetime/datetime-defaults.sty
Package: datetime-defaults 2013/09/10
)
\@day=\count309
\@month=\count310
\@year=\count311
\c@HOUR=\count312
\c@HOURXII=\count313
\c@MINUTE=\count314
\c@TOHOUR=\count315
\c@TOMINUTE=\count316
\c@SECOND=\count317
\currenthour=\count318
\currentminute=\count319
\currentsecond=\count320
Package datetime Info: No datetime.cfg file found, using default settings on in
put line 308.
\@dtctr=\count321
\dayofyear=\count322
\dayofweek=\count323
LaTeX Info: Redefining \today on input line 736.
\dt@a=\toks36
\dt@b=\toks37
) (/export/pkgs/texlive-2022/texmf-dist/tex/latex/fancyhdr/fancyhdr.sty
Package: fancyhdr 2022/05/18 v4.0.3 Extensive control of page headers and foote
rs
\f@nch@headwidth=\skip63
\f@nch@O@elh=\skip64
\f@nch@O@erh=\skip65
\f@nch@O@olh=\skip66
\f@nch@O@orh=\skip67
\f@nch@O@elf=\skip68
\f@nch@O@erf=\skip69
\f@nch@O@olf=\skip70
\f@nch@O@orf=\skip71
)
(/export/pkgs/texlive-2022/texmf-dist/tex/latex/lastpage/lastpage.sty
Package: lastpage 2021/09/03 v1.2n Refers to last page's name (HMM; JPG)
)
(/export/pkgs/texlive-2022/texmf-dist/tex/latex/titlesec/titlesec.sty
Package: titlesec 2021/07/05 v2.14 Sectioning titles
\ttl@box=\box56
\beforetitleunit=\skip72
\aftertitleunit=\skip73
\ttl@plus=\dimen179
\ttl@minus=\dimen180
\ttl@toksa=\toks38
\titlewidth=\dimen181
\titlewidthlast=\dimen182
\titlewidthfirst=\dimen183
)
(/export/pkgs/texlive-2022/texmf-dist/tex/latex/natbib/bibentry.sty
Package: bibentry 2007/10/30 1.5 (PWD)
)
(/export/pkgs/texlive-2022/texmf-dist/tex/latex/mdframed/mdframed.sty
Package: mdframed 2013/07/01 1.9b: mdframed

(/export/pkgs/texlive-2022/texmf-dist/tex/latex/l3packages/xparse/xparse.sty
(/export/pkgs/texlive-2022/texmf-dist/tex/latex/l3kernel/expl3.sty
Package: expl3 2022-08-05 L3 programming layer (loader) 

(/export/pkgs/texlive-2022/texmf-dist/tex/latex/l3backend/l3backend-pdftex.def
File: l3backend-pdftex.def 2022-08-05 L3 backend support: PDF output (pdfTeX)
\l__color_backend_stack_int=\count324
\l__pdf_internal_box=\box57
))
Package: xparse 2022-06-22 L3 Experimental document command parser
) (/export/pkgs/texlive-2022/texmf-dist/tex/latex/zref/zref-abspage.sty
Package: zref-abspage 2022-04-07 v2.34 Module abspage for zref (HO)

(/export/pkgs/texlive-2022/texmf-dist/tex/latex/zref/zref-base.sty
Package: zref-base 2022-04-07 v2.34 Module base for zref (HO)
Package zref Info: New property list: main on input line 767.
Package zref Info: New property: default on input line 768.
Package zref Info: New property: page on input line 769.
)
\c@abspage=\count325
Package zref Info: New property: abspage on input line 65.
)
(/export/pkgs/texlive-2022/texmf-dist/tex/latex/needspace/needspace.sty
Package: needspace 2010/09/12 v1.3d reserve vertical space
)
\mdf@templength=\skip74
\c@mdf@globalstyle@cnt=\count326
\mdf@skipabove@length=\skip75
\mdf@skipbelow@length=\skip76
\mdf@leftmargin@length=\skip77
\mdf@rightmargin@length=\skip78
\mdf@innerleftmargin@length=\skip79
\mdf@innerrightmargin@length=\skip80
\mdf@innertopmargin@length=\skip81
\mdf@innerbottommargin@length=\skip82
\mdf@splittopskip@length=\skip83
\mdf@splitbottomskip@length=\skip84
\mdf@outermargin@length=\skip85
\mdf@innermargin@length=\skip86
\mdf@linewidth@length=\skip87
\mdf@innerlinewidth@length=\skip88
\mdf@middlelinewidth@length=\skip89
\mdf@outerlinewidth@length=\skip90
\mdf@roundcorner@length=\skip91
\mdf@footenotedistance@length=\skip92
\mdf@userdefinedwidth@length=\skip93
\mdf@needspace@length=\skip94
\mdf@frametitleaboveskip@length=\skip95
\mdf@frametitlebelowskip@length=\skip96
\mdf@frametitlerulewidth@length=\skip97
\mdf@frametitleleftmargin@length=\skip98
\mdf@frametitlerightmargin@length=\skip99
\mdf@shadowsize@length=\skip100
\mdf@extratopheight@length=\skip101
\mdf@subtitleabovelinewidth@length=\skip102
\mdf@subtitlebelowlinewidth@length=\skip103
\mdf@subtitleaboveskip@length=\skip104
\mdf@subtitlebelowskip@length=\skip105
\mdf@subtitleinneraboveskip@length=\skip106
\mdf@subtitleinnerbelowskip@length=\skip107
\mdf@subsubtitleabovelinewidth@length=\skip108
\mdf@subsubtitlebelowlinewidth@length=\skip109
\mdf@subsubtitleaboveskip@length=\skip110
\mdf@subsubtitlebelowskip@length=\skip111
\mdf@subsubtitleinneraboveskip@length=\skip112
\mdf@subsubtitleinnerbelowskip@length=\skip113

(/export/pkgs/texlive-2022/texmf-dist/tex/latex/mdframed/md-frame-0.mdf
File: md-frame-0.mdf 2013/07/01\ 1.9b: md-frame-0
)
\mdf@frametitlebox=\box58
\mdf@footnotebox=\box59
\mdf@splitbox@one=\box60
\mdf@splitbox@two=\box61
\mdf@splitbox@save=\box62
\mdfsplitboxwidth=\skip114
\mdfsplitboxtotalwidth=\skip115
\mdfsplitboxheight=\skip116
\mdfsplitboxdepth=\skip117
\mdfsplitboxtotalheight=\skip118
\mdfframetitleboxwidth=\skip119
\mdfframetitleboxtotalwidth=\skip120
\mdfframetitleboxheight=\skip121
\mdfframetitleboxdepth=\skip122
\mdfframetitleboxtotalheight=\skip123
\mdffootnoteboxwidth=\skip124
\mdffootnoteboxtotalwidth=\skip125
\mdffootnoteboxheight=\skip126
\mdffootnoteboxdepth=\skip127
\mdffootnoteboxtotalheight=\skip128
\mdftotallinewidth=\skip129
\mdfboundingboxwidth=\skip130
\mdfboundingboxtotalwidth=\skip131
\mdfboundingboxheight=\skip132
\mdfboundingboxdepth=\skip133
\mdfboundingboxtotalheight=\skip134
\mdf@freevspace@length=\skip135
\mdf@horizontalwidthofbox@length=\skip136
\mdf@verticalmarginwhole@length=\skip137
\mdf@horizontalspaceofbox=\skip138
\mdfsubtitleheight=\skip139
\mdfsubsubtitleheight=\skip140
\c@mdfcountframes=\count327

****** mdframed patching \endmdf@trivlist

****** -- success******

\mdf@envdepth=\count328
\c@mdf@env@i=\count329
\c@mdf@env@ii=\count330
\c@mdf@zref@counter=\count331
Package zref Info: New property: mdf@pagevalue on input line 895.
)
(/export/pkgs/texlive-2022/texmf-dist/tex/latex/caption/caption.sty
Package: caption 2022/03/01 v3.6b Customizing captions (AR)

(/export/pkgs/texlive-2022/texmf-dist/tex/latex/caption/caption3.sty
Package: caption3 2022/03/17 v2.3b caption3 kernel (AR)
\caption@tempdima=\dimen184
\captionmargin=\dimen185
\caption@leftmargin=\dimen186
\caption@rightmargin=\dimen187
\caption@width=\dimen188
\caption@indent=\dimen189
\caption@parindent=\dimen190
\caption@hangindent=\dimen191
Package caption Info: Standard document class detected.
)
\c@caption@flags=\count332
\c@continuedfloat=\count333
Package caption Info: changepage package is loaded.
\caption@adjustwidth@hsize=\dimen192
\caption@adjustwidth@linewidth=\dimen193
Package caption Info: hyperref package is loaded.
)
(/export/pkgs/texlive-2022/texmf-dist/tex/latex/xcharter/XCharter.sty
Package: XCharter 2022/04/16 v1.24

`XCharter' v1.24, 2022/04/16 Text macros for XCharter, an extension of Charter 
(msharpe) (/export/pkgs/texlive-2022/texmf-dist/tex/generic/xstring/xstring.sty
(/export/pkgs/texlive-2022/texmf-dist/tex/generic/xstring/xstring.tex
\integerpart=\count334
\decimalpart=\count335
)
Package: xstring 2021/07/21 v1.84 String manipulations (CT)
)
(/export/pkgs/texlive-2022/texmf-dist/tex/latex/carlisle/scalefnt.sty)
(/export/pkgs/texlive-2022/texmf-dist/tex/latex/base/fontenc.sty
Package: fontenc 2021/04/29 v2.0v Standard LaTeX package
)
LaTeX Font Info:    Setting XCharter-LF sub-encoding to TS1/0 on input line 29.

LaTeX Font Info:    Changing XCharter-TLF sub-encoding to TS1/0 on input line 2
9.
LaTeX Font Info:    Setting XCharter-OsF sub-encoding to TS1/0 on input line 29
.
LaTeX Font Info:    Changing XCharter-TOsF sub-encoding to TS1/0 on input line 
29.
\xch@cnt=\count336

(/export/pkgs/texlive-2022/texmf-dist/tex/latex/fontaxes/fontaxes.sty
Package: fontaxes 2020/07/21 v1.0e Font selection axes
LaTeX Info: Redefining \upshape on input line 29.
LaTeX Info: Redefining \itshape on input line 31.
LaTeX Info: Redefining \slshape on input line 33.
LaTeX Info: Redefining \swshape on input line 35.
LaTeX Info: Redefining \scshape on input line 37.
LaTeX Info: Redefining \sscshape on input line 39.
LaTeX Info: Redefining \ulcshape on input line 41.
LaTeX Info: Redefining \textsw on input line 47.
LaTeX Info: Redefining \textssc on input line 48.
LaTeX Info: Redefining \textulc on input line 49.
)
LaTeX Info: Redefining \textsu on input line 712.
LaTeX Info: Redefining \textde on input line 714.
LaTeX Info: Redefining \textinf on input line 716.
)
(/export/pkgs/texlive-2022/texmf-dist/tex/latex/newtx/newtxmath.sty
Package: newtxmath 2022/01/16 v1.71

`newtxmath' v1.71, 2022/01/16 Math macros based originally on txfonts (msharpe)
(/export/pkgs/texlive-2022/texmf-dist/tex/generic/iftex/ifxetex.sty
Package: ifxetex 2019/10/25 v0.7 ifxetex legacy package. Use iftex instead.
)
(/export/pkgs/texlive-2022/texmf-dist/tex/generic/iftex/ifluatex.sty
Package: ifluatex 2019/10/25 v1.5 ifluatex legacy package. Use iftex instead.
)
(/export/pkgs/texlive-2022/texmf-dist/tex/latex/oberdiek/centernot.sty
Package: centernot 2016/05/16 v1.4 Centers the not symbol horizontally (HO)
)
\tx@cntz=\count337

(/export/pkgs/texlive-2022/texmf-dist/tex/generic/kastrup/binhex.tex)
\tx@Isdigit=\count338
\tx@IsAlNum=\count339
\tx@tA=\toks39
\tx@tB=\toks40
\tx@su=\read3

amsthm NOT loaded
LaTeX Font Info:    Redeclaring symbol font `operators' on input line 376.
LaTeX Font Info:    Overwriting symbol font `operators' in version `normal'
(Font)                  OT1/cmr/m/n --> OT1/XCharter-TLF/m/n on input line 376.

LaTeX Font Info:    Overwriting symbol font `operators' in version `bold'
(Font)                  OT1/cmr/bx/n --> OT1/XCharter-TLF/m/n on input line 376
.
LaTeX Font Info:    Overwriting symbol font `operators' in version `bold'
(Font)                  OT1/XCharter-TLF/m/n --> OT1/XCharter-TLF/b/n on input 
line 377.
LaTeX Font Info:    Redeclaring math alphabet \mathsf on input line 383.
LaTeX Font Info:    Overwriting math alphabet `\mathsf' in version `normal'
(Font)                  OT1/cmss/m/n --> T1/cmss/m/n on input line 383.
LaTeX Font Info:    Overwriting math alphabet `\mathsf' in version `bold'
(Font)                  OT1/cmss/bx/n --> T1/cmss/m/n on input line 383.
LaTeX Font Info:    Redeclaring math alphabet \mathit on input line 384.
LaTeX Font Info:    Overwriting math alphabet `\mathit' in version `normal'
(Font)                  OT1/cmr/m/it --> OT1/XCharter-TLF/m/it on input line 38
4.
LaTeX Font Info:    Overwriting math alphabet `\mathit' in version `bold'
(Font)                  OT1/cmr/bx/it --> OT1/XCharter-TLF/m/it on input line 3
84.
LaTeX Font Info:    Redeclaring math alphabet \mathtt on input line 385.
LaTeX Font Info:    Overwriting math alphabet `\mathtt' in version `normal'
(Font)                  OT1/cmtt/m/n --> T1/cmtt/m/n on input line 385.
LaTeX Font Info:    Overwriting math alphabet `\mathtt' in version `bold'
(Font)                  OT1/cmtt/m/n --> T1/cmtt/m/n on input line 385.
LaTeX Font Info:    Redeclaring math alphabet \mathbf on input line 387.
LaTeX Font Info:    Overwriting math alphabet `\mathbf' in version `normal'
(Font)                  OT1/cmr/bx/n --> OT1/XCharter-TLF/b/n on input line 387
.
LaTeX Font Info:    Overwriting math alphabet `\mathbf' in version `bold'
(Font)                  OT1/cmr/bx/n --> OT1/XCharter-TLF/b/n on input line 387
.
LaTeX Font Info:    Overwriting math alphabet `\mathit' in version `bold'
(Font)                  OT1/XCharter-TLF/m/it --> OT1/XCharter-TLF/b/it on inpu
t line 388.
LaTeX Font Info:    Overwriting math alphabet `\mathsf' in version `bold'
(Font)                  T1/cmss/m/n --> T1/cmss/b/n on input line 389.
LaTeX Font Info:    Overwriting math alphabet `\mathtt' in version `bold'
(Font)                  T1/cmtt/m/n --> T1/cmtt/b/n on input line 390.
LaTeX Font Info:    Redeclaring symbol font `letters' on input line 437.
LaTeX Font Info:    Overwriting symbol font `letters' in version `normal'
(Font)                  OML/cmm/m/it --> OML/zchmi/m/it on input line 437.
LaTeX Font Info:    Overwriting symbol font `letters' in version `bold'
(Font)                  OML/cmm/b/it --> OML/zchmi/m/it on input line 437.
LaTeX Font Info:    Overwriting symbol font `letters' in version `bold'
(Font)                  OML/zchmi/m/it --> OML/zchmi/b/it on input line 438.
\symlettersA=\mathgroup6
LaTeX Font Info:    Overwriting symbol font `lettersA' in version `bold'
(Font)                  U/ntxmia/m/it --> U/ntxmia/b/it on input line 547.
LaTeX Font Info:    Redeclaring math alphabet \mathfrak on input line 549.
Now handling font encoding LMS ...
... no UTF-8 mapping file for font encoding LMS
LaTeX Font Info:    Redeclaring symbol font `symbols' on input line 568.
LaTeX Font Info:    Encoding `OMS' has changed to `LMS' for symbol font
(Font)              `symbols' in the math version `normal' on input line 568.
LaTeX Font Info:    Overwriting symbol font `symbols' in version `normal'
(Font)                  OMS/cmsy/m/n --> LMS/ntxsy/m/n on input line 568.
LaTeX Font Info:    Encoding `OMS' has changed to `LMS' for symbol font
(Font)              `symbols' in the math version `bold' on input line 568.
LaTeX Font Info:    Overwriting symbol font `symbols' in version `bold'
(Font)                  OMS/cmsy/b/n --> LMS/ntxsy/m/n on input line 568.
LaTeX Font Info:    Overwriting symbol font `symbols' in version `bold'
(Font)                  LMS/ntxsy/m/n --> LMS/ntxsy/b/n on input line 569.
\symAMSm=\mathgroup7
LaTeX Font Info:    Overwriting symbol font `AMSm' in version `bold'
(Font)                  U/ntxsym/m/n --> U/ntxsym/b/n on input line 594.
\symsymbolsC=\mathgroup8
LaTeX Font Info:    Overwriting symbol font `symbolsC' in version `bold'
(Font)                  U/ntxsyc/m/n --> U/ntxsyc/b/n on input line 615.
Now handling font encoding LMX ...
... no UTF-8 mapping file for font encoding LMX
LaTeX Font Info:    Redeclaring symbol font `largesymbols' on input line 628.
LaTeX Font Info:    Encoding `OMX' has changed to `LMX' for symbol font
(Font)              `largesymbols' in the math version `normal' on input line 6
28.
LaTeX Font Info:    Overwriting symbol font `largesymbols' in version `normal'
(Font)                  OMX/cmex/m/n --> LMX/ntxexx/m/n on input line 628.
LaTeX Font Info:    Encoding `OMX' has changed to `LMX' for symbol font
(Font)              `largesymbols' in the math version `bold' on input line 628
.
LaTeX Font Info:    Overwriting symbol font `largesymbols' in version `bold'
(Font)                  OMX/cmex/m/n --> LMX/ntxexx/m/n on input line 628.
LaTeX Font Info:    Overwriting symbol font `largesymbols' in version `bold'
(Font)                  LMX/ntxexx/m/n --> LMX/ntxexx/b/n on input line 629.
\symlargesymbolsTXA=\mathgroup9
LaTeX Font Info:    Overwriting symbol font `largesymbolsTXA' in version `bold'

(Font)                  U/ntxexa/m/n --> U/ntxexa/b/n on input line 643.
\tx@sbptoks=\toks41
LaTeX Font Info:    Redeclaring math delimiter \lfloor on input line 866.
LaTeX Font Info:    Redeclaring math delimiter \rfloor on input line 867.
LaTeX Font Info:    Redeclaring math delimiter \lceil on input line 868.
LaTeX Font Info:    Redeclaring math delimiter \rceil on input line 869.
LaTeX Font Info:    Redeclaring math delimiter \lbrace on input line 870.
LaTeX Font Info:    Redeclaring math delimiter \rbrace on input line 871.
LaTeX Font Info:    Redeclaring math delimiter \langle on input line 872.
LaTeX Font Info:    Redeclaring math delimiter \rangle on input line 874.
LaTeX Font Info:    Redeclaring math delimiter \arrowvert on input line 878.
LaTeX Font Info:    Redeclaring math delimiter \vert on input line 879.
LaTeX Font Info:    Redeclaring math accent \dot on input line 950.
LaTeX Font Info:    Redeclaring math accent \ddot on input line 951.
LaTeX Font Info:    Redeclaring math accent \vec on input line 2020.
LaTeX Info: Redefining \Bbbk on input line 2810.
LaTeX Info: Redefining \not on input line 2959.
LaTeX Info: Redefining \textsquare on input line 2989.
LaTeX Info: Redefining \openbox on input line 2991.
) (/export/pkgs/texlive-2022/texmf-dist/tex/latex/zlmtt/zlmtt.sty
Package: zlmtt 2022/08/07 v1.032. Alternate support package for Latin Modern Ty
peWriter
LaTeX Font Info:    Setting zlmtt sub-encoding to TS1/0 on input line 6.
)
(/export/pkgs/texlive-2022/texmf-dist/tex/latex/geometry/geometry.sty
Package: geometry 2020/01/02 v5.9 Page Geometry

(/export/pkgs/texlive-2022/texmf-dist/tex/generic/iftex/ifvtex.sty
Package: ifvtex 2019/10/25 v1.7 ifvtex legacy package. Use iftex instead.
)
\Gm@cnth=\count340
\Gm@cntv=\count341
\c@Gm@tempcnt=\count342
\Gm@bindingoffset=\dimen194
\Gm@wd@mp=\dimen195
\Gm@odd@mp=\dimen196
\Gm@even@mp=\dimen197
\Gm@layoutwidth=\dimen198
\Gm@layoutheight=\dimen199
\Gm@layouthoffset=\dimen256
\Gm@layoutvoffset=\dimen257
\Gm@dimlist=\toks42
)
\correspondingauthor=\toks43
\paperurl=\toks44
\reportnumber=\toks45

(/export/pkgs/texlive-2022/texmf-dist/tex/latex/preprint/authblk.sty
Package: authblk 2001/02/27 1.3 (PWD)
\affilsep=\skip141
\@affilsep=\skip142
\c@Maxaffil=\count343
\c@authors=\count344
\c@affil=\count345
)
Package caption Info: Option `figurename' requires the `newfloat' package on in
put line 379.

(/export/pkgs/texlive-2022/texmf-dist/tex/latex/newfloat/newfloat.sty
Package: newfloat 2019/09/02 v1.1l Defining new floating environments (AR)
Package newfloat Info: Unsupported document class, or \@chapter 
(newfloat)             was already redefined by another package.
Package newfloat Info: \@chapter = macro:->\def \Hy@next {\Hy@MakeCurrentHrefAu
to {\Hy@chapapp *}\Hy@raisedlink {\hyper@anchorstart {\@currentHref }\hyper@anc
horend }}\ifnum \c@secnumdepth >\m@ne \ltx@IfUndefined {if@mainmatter}\iftrue {
\csname if@mainmatter\endcsname }\let \Hy@next \relax \fi \fi \Hy@next \Hy@org@
chapter .
Package newfloat Info: \Hy@org@chapter = macro:[#1]#2->\NR@gettitle {#1}\NR@cha
pter [{#1}]{#2}.
))
(/export/pkgs/texlive-2022/texmf-dist/tex/latex/microtype/microtype.sty
Package: microtype 2022/06/23 v3.0f Micro-typographical refinements (RS)
\MT@toks=\toks46
\MT@tempbox=\box63
\MT@count=\count346
LaTeX Info: Redefining \noprotrusionifhmode on input line 1045.
LaTeX Info: Redefining \leftprotrusion on input line 1046.
LaTeX Info: Redefining \rightprotrusion on input line 1056.
LaTeX Info: Redefining \textls on input line 1234.
\MT@outer@kern=\dimen258
LaTeX Info: Redefining \textmicrotypecontext on input line 1858.
\MT@listname@count=\count347

(/export/pkgs/texlive-2022/texmf-dist/tex/latex/microtype/microtype-pdftex.def
File: microtype-pdftex.def 2022/06/23 v3.0f Definitions specific to pdftex (RS)

LaTeX Info: Redefining \lsstyle on input line 900.
LaTeX Info: Redefining \lslig on input line 900.
\MT@outer@space=\skip143
)
Package microtype Info: Loading configuration file microtype.cfg.
(/export/pkgs/texlive-2022/texmf-dist/tex/latex/microtype/microtype.cfg
File: microtype.cfg 2022/06/23 v3.0f microtype main configuration file (RS)
))
(/export/pkgs/texlive-2022/texmf-dist/tex/latex/base/fontenc.sty
Package: fontenc 2021/04/29 v2.0v Standard LaTeX package
LaTeX Font Info:    Trying to load font information for T1+XCharter-TLF on inpu
t line 112.

(/export/pkgs/texlive-2022/texmf-dist/tex/latex/xcharter/T1XCharter-TLF.fd
File: T1XCharter-TLF.fd 2017/06/25 (autoinst) Font definitions for T1/XCharter-
TLF.
)
LaTeX Font Info:    Font shape `T1/XCharter-TLF/m/n' will be
(Font)              scaled to size 10.95pt on input line 112.
)
(/export/pkgs/texlive-2022/texmf-dist/tex/latex/mathtools/mathtools.sty
Package: mathtools 2022/06/29 v1.29 mathematical typesetting tools

(/export/pkgs/texlive-2022/texmf-dist/tex/latex/mathtools/mhsetup.sty
Package: mhsetup 2021/03/18 v1.4 programming setup (MH)
)
\g_MT_multlinerow_int=\count348
\l_MT_multwidth_dim=\dimen259
\origjot=\skip144
\l_MT_shortvdotswithinadjustabove_dim=\dimen260
\l_MT_shortvdotswithinadjustbelow_dim=\dimen261
\l_MT_above_intertext_sep=\dimen262
\l_MT_below_intertext_sep=\dimen263
\l_MT_above_shortintertext_sep=\dimen264
\l_MT_below_shortintertext_sep=\dimen265
\xmathstrut@box=\box64
\xmathstrut@dim=\dimen266
)
(/export/pkgs/texlive-2022/texmf-dist/tex/latex/tools/bm.sty
Package: bm 2022/01/05 v1.2f Bold Symbol Support (DPC/FMi)
\symboldoperators=\mathgroup10
\symboldletters=\mathgroup11
\symboldsymbols=\mathgroup12
\symboldlargesymbols=\mathgroup13
Package bm Info: No bold for \U/msa/m/n, using \pmb.
Package bm Info: No bold for \U/msb/m/n, using \pmb.
LaTeX Font Info:    Redeclaring math alphabet \mathbf on input line 149.
)
(/export/pkgs/texlive-2022/texmf-dist/tex/latex/units/nicefrac.sty
Package: nicefrac 1998/08/04 v0.9b Nice fractions
\L@UnitsRaiseDisplaystyle=\skip145
\L@UnitsRaiseTextstyle=\skip146
\L@UnitsRaiseScriptstyle=\skip147
)
(/export/pkgs/texlive-2022/texmf-dist/tex/latex/multirow/multirow.sty
Package: multirow 2021/03/15 v2.8 Span multiple rows of a table
\multirow@colwidth=\skip148
\multirow@cntb=\count349
\multirow@dima=\skip149
\bigstrutjot=\dimen267
)
(/export/pkgs/texlive-2022/texmf-dist/tex/latex/wrapfig/wrapfig.sty
\wrapoverhang=\dimen268
\WF@size=\dimen269
\c@WF@wrappedlines=\count350
\WF@box=\box65
\WF@everypar=\toks47
Package: wrapfig 2003/01/31  v 3.6
)
(/export/pkgs/texlive-2022/texmf-dist/tex/latex/arydshln/arydshln.sty
Package: arydshln 2019/02/21 v1.76 
\dashlinedash=\dimen270
\dashlinegap=\dimen271
\adl@box=\box66
\adl@height=\dimen272
\adl@heightsave=\dimen273
\adl@depth=\dimen274
\adl@depthsave=\dimen275
\adl@finaldepth=\dimen276
\adl@columns=\count351
\adl@ncol=\count352
\adl@currentcolumn=\count353
\adl@currentcolumnsave=\count354
\adl@totalheight=\count355
\adl@totalheightsave=\count356
\adl@dash=\count357
\adl@gap=\count358
\adl@cla=\count359
\adl@clb=\count360
\adl@everyvbox=\toks48
\adl@LTpagetotal=\dimen277
)
(/export/pkgs/texlive-2022/texmf-dist/tex/latex/algorithm2e/algorithm2e.sty
Package: algorithm2e 2017/07/18 v5.2 algorithms environments
\c@AlgoLine=\count361
\algocf@hangindent=\skip150

(/export/pkgs/texlive-2022/texmf-dist/tex/latex/ifoddpage/ifoddpage.sty
Package: ifoddpage 2016/04/23 v1.1 Conditionals for odd/even page detection
\c@checkoddpage=\count362
LaTeX Info: Redefining \checkoddpage on input line 45.
)
(/export/pkgs/texlive-2022/texmf-dist/tex/latex/tools/xspace.sty
Package: xspace 2014/10/28 v1.13 Space after command names (DPC,MH)
)
(/export/pkgs/texlive-2022/texmf-dist/tex/latex/relsize/relsize.sty
Package: relsize 2013/03/29 ver 4.1
)
\skiptotal=\skip151
\skiplinenumber=\skip152
\skiprule=\skip153
\skiphlne=\skip154
\skiptext=\skip155
\skiplength=\skip156
\algomargin=\skip157
\skipalgocfslide=\skip158
\algowidth=\dimen278
\inoutsize=\dimen279
\inoutindent=\dimen280
\interspacetitleruled=\dimen281
\interspacealgoruled=\dimen282
\interspacetitleboxruled=\dimen283
\algocf@ruledwidth=\skip159
\algocf@inoutbox=\box67
\algocf@inputbox=\box68
\AlCapSkip=\skip160
\AlCapHSkip=\skip161
\algoskipindent=\skip162
\algocf@nlbox=\box69
\algocf@hangingbox=\box70
\algocf@untilbox=\box71
\algocf@skipuntil=\skip163
\algocf@capbox=\box72
\algocf@lcaptionbox=\skip164
\algoheightruledefault=\skip165
\algoheightrule=\skip166
\algotitleheightruledefault=\skip167
\algotitleheightrule=\skip168
\c@algocfline=\count363
\c@algocfproc=\count364
\c@algocf=\count365
\algocf@algoframe=\box73
\algocf@algobox=\box74
)
(/export/pkgs/texlive-2022/texmf-dist/tex/latex/caption/subcaption.sty
Package: subcaption 2022/01/07 v1.5 Sub-captions (AR)
\c@subfigure=\count366
\c@subtable=\count367
)
(/export/pkgs/texlive-2022/texmf-dist/tex/latex/pgf/frontendlayer/tikz.sty
(/export/pkgs/texlive-2022/texmf-dist/tex/latex/pgf/basiclayer/pgf.sty
(/export/pkgs/texlive-2022/texmf-dist/tex/latex/pgf/utilities/pgfrcs.sty
(/export/pkgs/texlive-2022/texmf-dist/tex/generic/pgf/utilities/pgfutil-common.
tex
\pgfutil@everybye=\toks49
\pgfutil@tempdima=\dimen284
\pgfutil@tempdimb=\dimen285

(/export/pkgs/texlive-2022/texmf-dist/tex/generic/pgf/utilities/pgfutil-common-
lists.tex))
(/export/pkgs/texlive-2022/texmf-dist/tex/generic/pgf/utilities/pgfutil-latex.d
ef
\pgfutil@abb=\box75
)
(/export/pkgs/texlive-2022/texmf-dist/tex/generic/pgf/utilities/pgfrcs.code.tex
(/export/pkgs/texlive-2022/texmf-dist/tex/generic/pgf/pgf.revision.tex)
Package: pgfrcs 2021/05/15 v3.1.9a (3.1.9a)
))
Package: pgf 2021/05/15 v3.1.9a (3.1.9a)

(/export/pkgs/texlive-2022/texmf-dist/tex/latex/pgf/basiclayer/pgfcore.sty
(/export/pkgs/texlive-2022/texmf-dist/tex/latex/pgf/systemlayer/pgfsys.sty
(/export/pkgs/texlive-2022/texmf-dist/tex/generic/pgf/systemlayer/pgfsys.code.t
ex
Package: pgfsys 2021/05/15 v3.1.9a (3.1.9a)

(/export/pkgs/texlive-2022/texmf-dist/tex/generic/pgf/utilities/pgfkeys.code.te
x
\pgfkeys@pathtoks=\toks50
\pgfkeys@temptoks=\toks51

(/export/pkgs/texlive-2022/texmf-dist/tex/generic/pgf/utilities/pgfkeysfiltered
.code.tex
\pgfkeys@tmptoks=\toks52
))
\pgf@x=\dimen286
\pgf@y=\dimen287
\pgf@xa=\dimen288
\pgf@ya=\dimen289
\pgf@xb=\dimen290
\pgf@yb=\dimen291
\pgf@xc=\dimen292
\pgf@yc=\dimen293
\pgf@xd=\dimen294
\pgf@yd=\dimen295
\w@pgf@writea=\write3
\r@pgf@reada=\read4
\c@pgf@counta=\count368
\c@pgf@countb=\count369
\c@pgf@countc=\count370
\c@pgf@countd=\count371
\t@pgf@toka=\toks53
\t@pgf@tokb=\toks54
\t@pgf@tokc=\toks55
\pgf@sys@id@count=\count372

(/export/pkgs/texlive-2022/texmf-dist/tex/generic/pgf/systemlayer/pgf.cfg
File: pgf.cfg 2021/05/15 v3.1.9a (3.1.9a)
)
Driver file for pgf: pgfsys-pdftex.def

(/export/pkgs/texlive-2022/texmf-dist/tex/generic/pgf/systemlayer/pgfsys-pdftex
.def
File: pgfsys-pdftex.def 2021/05/15 v3.1.9a (3.1.9a)

(/export/pkgs/texlive-2022/texmf-dist/tex/generic/pgf/systemlayer/pgfsys-common
-pdf.def
File: pgfsys-common-pdf.def 2021/05/15 v3.1.9a (3.1.9a)
)))
(/export/pkgs/texlive-2022/texmf-dist/tex/generic/pgf/systemlayer/pgfsyssoftpat
h.code.tex
File: pgfsyssoftpath.code.tex 2021/05/15 v3.1.9a (3.1.9a)
\pgfsyssoftpath@smallbuffer@items=\count373
\pgfsyssoftpath@bigbuffer@items=\count374
)
(/export/pkgs/texlive-2022/texmf-dist/tex/generic/pgf/systemlayer/pgfsysprotoco
l.code.tex
File: pgfsysprotocol.code.tex 2021/05/15 v3.1.9a (3.1.9a)
))
(/export/pkgs/texlive-2022/texmf-dist/tex/generic/pgf/basiclayer/pgfcore.code.t
ex
Package: pgfcore 2021/05/15 v3.1.9a (3.1.9a)
 (/export/pkgs/texlive-2022/texmf-dist/tex/generic/pgf/math/pgfmath.code.tex
(/export/pkgs/texlive-2022/texmf-dist/tex/generic/pgf/math/pgfmathcalc.code.tex

(/export/pkgs/texlive-2022/texmf-dist/tex/generic/pgf/math/pgfmathutil.code.tex
)
(/export/pkgs/texlive-2022/texmf-dist/tex/generic/pgf/math/pgfmathparser.code.t
ex
\pgfmath@dimen=\dimen296
\pgfmath@count=\count375
\pgfmath@box=\box76
\pgfmath@toks=\toks56
\pgfmath@stack@operand=\toks57
\pgfmath@stack@operation=\toks58
)
(/export/pkgs/texlive-2022/texmf-dist/tex/generic/pgf/math/pgfmathfunctions.cod
e.tex
(/export/pkgs/texlive-2022/texmf-dist/tex/generic/pgf/math/pgfmathfunctions.bas
ic.code.tex)
(/export/pkgs/texlive-2022/texmf-dist/tex/generic/pgf/math/pgfmathfunctions.tri
gonometric.code.tex)
(/export/pkgs/texlive-2022/texmf-dist/tex/generic/pgf/math/pgfmathfunctions.ran
dom.code.tex)
(/export/pkgs/texlive-2022/texmf-dist/tex/generic/pgf/math/pgfmathfunctions.com
parison.code.tex)
(/export/pkgs/texlive-2022/texmf-dist/tex/generic/pgf/math/pgfmathfunctions.bas
e.code.tex)
(/export/pkgs/texlive-2022/texmf-dist/tex/generic/pgf/math/pgfmathfunctions.rou
nd.code.tex)
(/export/pkgs/texlive-2022/texmf-dist/tex/generic/pgf/math/pgfmathfunctions.mis
c.code.tex)
(/export/pkgs/texlive-2022/texmf-dist/tex/generic/pgf/math/pgfmathfunctions.int
egerarithmetics.code.tex)))
(/export/pkgs/texlive-2022/texmf-dist/tex/generic/pgf/math/pgfmathfloat.code.te
x
\c@pgfmathroundto@lastzeros=\count376
)) (/export/pkgs/texlive-2022/texmf-dist/tex/generic/pgf/math/pgfint.code.tex)
(/export/pkgs/texlive-2022/texmf-dist/tex/generic/pgf/basiclayer/pgfcorepoints.
code.tex
File: pgfcorepoints.code.tex 2021/05/15 v3.1.9a (3.1.9a)
\pgf@picminx=\dimen297
\pgf@picmaxx=\dimen298
\pgf@picminy=\dimen299
\pgf@picmaxy=\dimen300
\pgf@pathminx=\dimen301
\pgf@pathmaxx=\dimen302
\pgf@pathminy=\dimen303
\pgf@pathmaxy=\dimen304
\pgf@xx=\dimen305
\pgf@xy=\dimen306
\pgf@yx=\dimen307
\pgf@yy=\dimen308
\pgf@zx=\dimen309
\pgf@zy=\dimen310
)
(/export/pkgs/texlive-2022/texmf-dist/tex/generic/pgf/basiclayer/pgfcorepathcon
struct.code.tex
File: pgfcorepathconstruct.code.tex 2021/05/15 v3.1.9a (3.1.9a)
\pgf@path@lastx=\dimen311
\pgf@path@lasty=\dimen312
)
(/export/pkgs/texlive-2022/texmf-dist/tex/generic/pgf/basiclayer/pgfcorepathusa
ge.code.tex
File: pgfcorepathusage.code.tex 2021/05/15 v3.1.9a (3.1.9a)
\pgf@shorten@end@additional=\dimen313
\pgf@shorten@start@additional=\dimen314
)
(/export/pkgs/texlive-2022/texmf-dist/tex/generic/pgf/basiclayer/pgfcorescopes.
code.tex
File: pgfcorescopes.code.tex 2021/05/15 v3.1.9a (3.1.9a)
\pgfpic=\box77
\pgf@hbox=\box78
\pgf@layerbox@main=\box79
\pgf@picture@serial@count=\count377
)
(/export/pkgs/texlive-2022/texmf-dist/tex/generic/pgf/basiclayer/pgfcoregraphic
state.code.tex
File: pgfcoregraphicstate.code.tex 2021/05/15 v3.1.9a (3.1.9a)
\pgflinewidth=\dimen315
)
(/export/pkgs/texlive-2022/texmf-dist/tex/generic/pgf/basiclayer/pgfcoretransfo
rmations.code.tex
File: pgfcoretransformations.code.tex 2021/05/15 v3.1.9a (3.1.9a)
\pgf@pt@x=\dimen316
\pgf@pt@y=\dimen317
\pgf@pt@temp=\dimen318
)
(/export/pkgs/texlive-2022/texmf-dist/tex/generic/pgf/basiclayer/pgfcorequick.c
ode.tex
File: pgfcorequick.code.tex 2021/05/15 v3.1.9a (3.1.9a)
)
(/export/pkgs/texlive-2022/texmf-dist/tex/generic/pgf/basiclayer/pgfcoreobjects
.code.tex
File: pgfcoreobjects.code.tex 2021/05/15 v3.1.9a (3.1.9a)
)
(/export/pkgs/texlive-2022/texmf-dist/tex/generic/pgf/basiclayer/pgfcorepathpro
cessing.code.tex
File: pgfcorepathprocessing.code.tex 2021/05/15 v3.1.9a (3.1.9a)
)
(/export/pkgs/texlive-2022/texmf-dist/tex/generic/pgf/basiclayer/pgfcorearrows.
code.tex
File: pgfcorearrows.code.tex 2021/05/15 v3.1.9a (3.1.9a)
\pgfarrowsep=\dimen319
)
(/export/pkgs/texlive-2022/texmf-dist/tex/generic/pgf/basiclayer/pgfcoreshade.c
ode.tex
File: pgfcoreshade.code.tex 2021/05/15 v3.1.9a (3.1.9a)
\pgf@max=\dimen320
\pgf@sys@shading@range@num=\count378
\pgf@shadingcount=\count379
)
(/export/pkgs/texlive-2022/texmf-dist/tex/generic/pgf/basiclayer/pgfcoreimage.c
ode.tex
File: pgfcoreimage.code.tex 2021/05/15 v3.1.9a (3.1.9a)

(/export/pkgs/texlive-2022/texmf-dist/tex/generic/pgf/basiclayer/pgfcoreexterna
l.code.tex
File: pgfcoreexternal.code.tex 2021/05/15 v3.1.9a (3.1.9a)
\pgfexternal@startupbox=\box80
))
(/export/pkgs/texlive-2022/texmf-dist/tex/generic/pgf/basiclayer/pgfcorelayers.
code.tex
File: pgfcorelayers.code.tex 2021/05/15 v3.1.9a (3.1.9a)
)
(/export/pkgs/texlive-2022/texmf-dist/tex/generic/pgf/basiclayer/pgfcoretranspa
rency.code.tex
File: pgfcoretransparency.code.tex 2021/05/15 v3.1.9a (3.1.9a)
)
(/export/pkgs/texlive-2022/texmf-dist/tex/generic/pgf/basiclayer/pgfcorepattern
s.code.tex
File: pgfcorepatterns.code.tex 2021/05/15 v3.1.9a (3.1.9a)
)
(/export/pkgs/texlive-2022/texmf-dist/tex/generic/pgf/basiclayer/pgfcorerdf.cod
e.tex
File: pgfcorerdf.code.tex 2021/05/15 v3.1.9a (3.1.9a)
)))
(/export/pkgs/texlive-2022/texmf-dist/tex/generic/pgf/modules/pgfmoduleshapes.c
ode.tex
File: pgfmoduleshapes.code.tex 2021/05/15 v3.1.9a (3.1.9a)
\pgfnodeparttextbox=\box81
)
(/export/pkgs/texlive-2022/texmf-dist/tex/generic/pgf/modules/pgfmoduleplot.cod
e.tex
File: pgfmoduleplot.code.tex 2021/05/15 v3.1.9a (3.1.9a)
)
(/export/pkgs/texlive-2022/texmf-dist/tex/latex/pgf/compatibility/pgfcomp-versi
on-0-65.sty
Package: pgfcomp-version-0-65 2021/05/15 v3.1.9a (3.1.9a)
\pgf@nodesepstart=\dimen321
\pgf@nodesepend=\dimen322
)
(/export/pkgs/texlive-2022/texmf-dist/tex/latex/pgf/compatibility/pgfcomp-versi
on-1-18.sty
Package: pgfcomp-version-1-18 2021/05/15 v3.1.9a (3.1.9a)
))
(/export/pkgs/texlive-2022/texmf-dist/tex/latex/pgf/utilities/pgffor.sty
(/export/pkgs/texlive-2022/texmf-dist/tex/latex/pgf/utilities/pgfkeys.sty
(/export/pkgs/texlive-2022/texmf-dist/tex/generic/pgf/utilities/pgfkeys.code.te
x)) (/export/pkgs/texlive-2022/texmf-dist/tex/latex/pgf/math/pgfmath.sty
(/export/pkgs/texlive-2022/texmf-dist/tex/generic/pgf/math/pgfmath.code.tex))
(/export/pkgs/texlive-2022/texmf-dist/tex/generic/pgf/utilities/pgffor.code.tex
Package: pgffor 2021/05/15 v3.1.9a (3.1.9a)
(/export/pkgs/texlive-2022/texmf-dist/tex/generic/pgf/math/pgfmath.code.tex)
\pgffor@iter=\dimen323
\pgffor@skip=\dimen324
\pgffor@stack=\toks59
\pgffor@toks=\toks60
))
(/export/pkgs/texlive-2022/texmf-dist/tex/generic/pgf/frontendlayer/tikz/tikz.c
ode.tex
Package: tikz 2021/05/15 v3.1.9a (3.1.9a)

(/export/pkgs/texlive-2022/texmf-dist/tex/generic/pgf/libraries/pgflibraryploth
andlers.code.tex
File: pgflibraryplothandlers.code.tex 2021/05/15 v3.1.9a (3.1.9a)
\pgf@plot@mark@count=\count380
\pgfplotmarksize=\dimen325
)
\tikz@lastx=\dimen326
\tikz@lasty=\dimen327
\tikz@lastxsaved=\dimen328
\tikz@lastysaved=\dimen329
\tikz@lastmovetox=\dimen330
\tikz@lastmovetoy=\dimen331
\tikzleveldistance=\dimen332
\tikzsiblingdistance=\dimen333
\tikz@figbox=\box82
\tikz@figbox@bg=\box83
\tikz@tempbox=\box84
\tikz@tempbox@bg=\box85
\tikztreelevel=\count381
\tikznumberofchildren=\count382
\tikznumberofcurrentchild=\count383
\tikz@fig@count=\count384

(/export/pkgs/texlive-2022/texmf-dist/tex/generic/pgf/modules/pgfmodulematrix.c
ode.tex
File: pgfmodulematrix.code.tex 2021/05/15 v3.1.9a (3.1.9a)
\pgfmatrixcurrentrow=\count385
\pgfmatrixcurrentcolumn=\count386
\pgf@matrix@numberofcolumns=\count387
)
\tikz@expandcount=\count388

(/export/pkgs/texlive-2022/texmf-dist/tex/generic/pgf/frontendlayer/tikz/librar
ies/tikzlibrarytopaths.code.tex
File: tikzlibrarytopaths.code.tex 2021/05/15 v3.1.9a (3.1.9a)
)))
(/export/pkgs/texlive-2022/texmf-dist/tex/generic/pgf/frontendlayer/tikz/librar
ies/tikzlibraryshapes.geometric.code.tex
File: tikzlibraryshapes.geometric.code.tex 2021/05/15 v3.1.9a (3.1.9a)

(/export/pkgs/texlive-2022/texmf-dist/tex/generic/pgf/libraries/shapes/pgflibra
ryshapes.geometric.code.tex
File: pgflibraryshapes.geometric.code.tex 2021/05/15 v3.1.9a (3.1.9a)
))
(/export/pkgs/texlive-2022/texmf-dist/tex/generic/pgf/libraries/pgflibraryarrow
s.meta.code.tex
File: pgflibraryarrows.meta.code.tex 2021/05/15 v3.1.9a (3.1.9a)
\pgfarrowinset=\dimen334
\pgfarrowlength=\dimen335
\pgfarrowwidth=\dimen336
\pgfarrowlinewidth=\dimen337
)
(/export/pkgs/texlive-2022/texmf-dist/tex/generic/pgf/frontendlayer/tikz/librar
ies/tikzlibrarypositioning.code.tex
File: tikzlibrarypositioning.code.tex 2021/05/15 v3.1.9a (3.1.9a)
)
(/export/pkgs/texlive-2022/texmf-dist/tex/generic/pgf/frontendlayer/tikz/librar
ies/tikzlibrarycalc.code.tex
File: tikzlibrarycalc.code.tex 2021/05/15 v3.1.9a (3.1.9a)
)
(/export/pkgs/texlive-2022/texmf-dist/tex/latex/natbib/natbib.sty
Package: natbib 2010/09/13 8.31b (PWD, AO)
\bibhang=\skip169
\bibsep=\skip170
LaTeX Info: Redefining \cite on input line 694.
\c@NAT@ctr=\count389
)
Package hyperref Info: Option `pdffitwindow' set `true' on input line 60.
Package hyperref Info: Option `pdfnewwindow' set `true' on input line 60.
Package hyperref Info: Option `colorlinks' set `true' on input line 60.
Package hyperref Info: Option `linktocpage' set `true' on input line 60.

(/export/pkgs/texlive-2022/texmf-dist/tex/latex/adjustbox/adjustbox.sty
Package: adjustbox 2020/08/19 v1.3 Adjusting TeX boxes (trim, clip, ...)

(/export/pkgs/texlive-2022/texmf-dist/tex/latex/adjustbox/adjcalc.sty
Package: adjcalc 2012/05/16 v1.1 Provides advanced setlength with multiple back
-ends (calc, etex, pgfmath)
)
(/export/pkgs/texlive-2022/texmf-dist/tex/latex/adjustbox/trimclip.sty
Package: trimclip 2020/08/19 v1.2 Trim and clip general TeX material

(/export/pkgs/texlive-2022/texmf-dist/tex/latex/collectbox/collectbox.sty
Package: collectbox 2012/05/17 v0.4b Collect macro arguments as boxes
\collectedbox=\box86
)
\tc@llx=\dimen338
\tc@lly=\dimen339
\tc@urx=\dimen340
\tc@ury=\dimen341
Package trimclip Info: Using driver 'tc-pdftex.def'.

(/export/pkgs/texlive-2022/texmf-dist/tex/latex/adjustbox/tc-pdftex.def
File: tc-pdftex.def 2019/01/04 v2.2 Clipping driver for pdftex
))
\adjbox@Width=\dimen342
\adjbox@Height=\dimen343
\adjbox@Depth=\dimen344
\adjbox@Totalheight=\dimen345
\adjbox@pwidth=\dimen346
\adjbox@pheight=\dimen347
\adjbox@pdepth=\dimen348
\adjbox@ptotalheight=\dimen349

(/export/pkgs/texlive-2022/texmf-dist/tex/latex/varwidth/varwidth.sty
Package: varwidth 2009/03/30 ver 0.92;  Variable-width minipages
\@vwid@box=\box87
\sift@deathcycles=\count390
\@vwid@loff=\dimen350
\@vwid@roff=\dimen351
))
(/export/pkgs/texlive-2022/texmf-dist/tex/latex/cleveref/cleveref.sty
Package: cleveref 2018/03/27 v0.21.4 Intelligent cross-referencing
Package cleveref Info: `hyperref' support loaded on input line 2370.
LaTeX Info: Redefining \cref on input line 2370.
LaTeX Info: Redefining \Cref on input line 2370.
LaTeX Info: Redefining \crefrange on input line 2370.
LaTeX Info: Redefining \Crefrange on input line 2370.
LaTeX Info: Redefining \cpageref on input line 2370.
LaTeX Info: Redefining \Cpageref on input line 2370.
LaTeX Info: Redefining \cpagerefrange on input line 2370.
LaTeX Info: Redefining \Cpagerefrange on input line 2370.
LaTeX Info: Redefining \labelcref on input line 2370.
LaTeX Info: Redefining \labelcpageref on input line 2370.
Package cleveref Info: `amsthm' support loaded on input line 3026.
Package cleveref Info: `algorithm2e' support loaded on input line 3147.
Package cleveref Info: always capitalise cross-reference names on input line 78
25.
Package cleveref Info: always capitalise cross-reference names on input line 78
52.
)
\c@theorem=\count391
LaTeX Info: Redefining \oldstylenums on input line 156.

(./main.aux)
\openout1 = `main.aux'.

LaTeX Font Info:    Checking defaults for OML/zchmi/m/it on input line 156.
LaTeX Font Info:    Trying to load font information for OML+zchmi on input line
 156.

(/export/pkgs/texlive-2022/texmf-dist/tex/latex/xcharter/omlzchmi.fd
File: omlzchmi.fd 2019/11/21 Fontinst v1.933 font definitions for OML/zchmi.
)
LaTeX Font Info:    ... okay on input line 156.
LaTeX Font Info:    Checking defaults for OMS/cmsy/m/n on input line 156.
LaTeX Font Info:    ... okay on input line 156.
LaTeX Font Info:    Checking defaults for OT1/cmr/m/n on input line 156.
LaTeX Font Info:    ... okay on input line 156.
LaTeX Font Info:    Checking defaults for T1/cmr/m/n on input line 156.
LaTeX Font Info:    ... okay on input line 156.
LaTeX Font Info:    Checking defaults for TS1/cmr/m/n on input line 156.
LaTeX Font Info:    ... okay on input line 156.
LaTeX Font Info:    Checking defaults for OMX/cmex/m/n on input line 156.
LaTeX Font Info:    ... okay on input line 156.
LaTeX Font Info:    Checking defaults for U/ntxexa/m/n on input line 156.
LaTeX Font Info:    Trying to load font information for U+ntxexa on input line 
156.

(/export/pkgs/texlive-2022/texmf-dist/tex/latex/newtx/untxexa.fd
File: untxexa.fd 2012/04/16 Fontinst v1.933 font definitions for U/ntxexa.
)
LaTeX Font Info:    ... okay on input line 156.
LaTeX Font Info:    Checking defaults for PD1/pdf/m/n on input line 156.
LaTeX Font Info:    ... okay on input line 156.
LaTeX Font Info:    Checking defaults for PU/pdf/m/n on input line 156.
LaTeX Font Info:    ... okay on input line 156.
LaTeX Font Info:    Checking defaults for LMS/ntxsy/m/n on input line 156.
LaTeX Font Info:    Trying to load font information for LMS+ntxsy on input line
 156.

(/export/pkgs/texlive-2022/texmf-dist/tex/latex/newtx/lmsntxsy.fd
File: lmsntxsy.fd 2016/07/02 Fontinst v1.933 font definitions for LMS/ntxsy.
)
LaTeX Font Info:    ... okay on input line 156.
LaTeX Font Info:    Checking defaults for LMX/ntxexx/m/n on input line 156.
LaTeX Font Info:    Trying to load font information for LMX+ntxexx on input lin
e 156.

(/export/pkgs/texlive-2022/texmf-dist/tex/latex/newtx/lmxntxexx.fd
File: lmxntxexx.fd 2016/07/03 Fontinst v1.933 font definitions for LMX/ntxexx.
)
LaTeX Font Info:    ... okay on input line 156.
LaTeX Info: Command `\dddot' is already robust on input line 156.
LaTeX Info: Command `\ddddot' is already robust on input line 156.
Package hyperref Info: Link coloring ON on input line 156.
 (./main.out) (./main.out)
\@outlinefile=\write4
\openout4 = `main.out'.


(/export/pkgs/texlive-2022/texmf-dist/tex/context/base/mkii/supp-pdf.mkii
[Loading MPS to PDF converter (version 2006.09.02).]
\scratchcounter=\count392
\scratchdimen=\dimen352
\scratchbox=\box88
\nofMPsegments=\count393
\nofMParguments=\count394
\everyMPshowfont=\toks61
\MPscratchCnt=\count395
\MPscratchDim=\dimen353
\MPnumerator=\count396
\makeMPintoPDFobject=\count397
\everyMPtoPDFconversion=\toks62
)
(/export/pkgs/texlive-2022/texmf-dist/tex/latex/epstopdf-pkg/epstopdf-base.sty
Package: epstopdf-base 2020-01-24 v2.11 Base part for package epstopdf

(/export/pkgs/texlive-2022/texmf-dist/tex/latex/grfext/grfext.sty
Package: grfext 2019/12/03 v1.3 Manage graphics extensions (HO)
)
Package epstopdf-base Info: Redefining graphics rule for `.eps' on input line 4
85.
Package grfext Info: Graphics extension search list:
(grfext)             [.pdf,.png,.jpg,.mps,.jpeg,.jbig2,.jb2,.PDF,.PNG,.JPG,.JPE
G,.JBIG2,.JB2,.eps]
(grfext)             \AppendGraphicsExtensions on input line 504.

(/export/pkgs/texlive-2022/texmf-dist/tex/latex/latexconfig/epstopdf-sys.cfg
File: epstopdf-sys.cfg 2010/07/13 v1.3 Configuration of (r)epstopdf for TeX Liv
e
))
Package lastpage Info: Please have a look at the pageslts package at
(lastpage)             https://www.ctan.org/pkg/pageslts
(lastpage)             ! on input line 156.
Package caption Info: Begin \AtBeginDocument code.
Package caption Info: wrapfig package is loaded.
Package caption Info: End \AtBeginDocument code.
\c@mv@tabular=\count398
\c@mv@boldtabular=\count399

*geometry* driver: auto-detecting
*geometry* detected driver: pdftex
*geometry* verbose mode - [ preamble ] result:
* driver: pdftex
* paper: a4paper
* layout: <same size as paper>
* layoutoffset:(h,v)=(0.0pt,0.0pt)
* modes: 
* h-part:(L,W,R)=(62.59596pt, 472.31595pt, 62.59596pt)
* v-part:(T,H,B)=(85.35826pt, 674.33032pt, 85.35826pt)
* \paperwidth=597.50787pt
* \paperheight=845.04684pt
* \textwidth=472.31595pt
* \textheight=674.33032pt
* \oddsidemargin=-9.67403pt
* \evensidemargin=-9.67403pt
* \topmargin=-46.91173pt
* \headheight=40.0pt
* \headsep=20.0pt
* \topskip=11.0pt
* \footskip=30.0pt
* \marginparwidth=59.0pt
* \marginparsep=10.0pt
* \columnsep=15.0pt
* \skip\footins=10.0pt plus 4.0pt minus 2.0pt
* \hoffset=0.0pt
* \voffset=0.0pt
* \mag=1000
* \@twocolumnfalse
* \@twosidefalse
* \@mparswitchfalse
* \@reversemarginfalse
* (1in=72.27pt=25.4mm, 1cm=28.453pt)

Package newfloat Info: Trying Plan B...
Package newfloat Info: `wrapfig' package detected.
LaTeX Info: Redefining \microtypecontext on input line 156.
Package microtype Info: Applying patch `item' on input line 156.
Package microtype Info: Applying patch `toc' on input line 156.
Package microtype Info: Applying patch `eqnum' on input line 156.
Package microtype Info: Applying patch `footnote' on input line 156.
Package microtype Info: Generating PDF output.
Package microtype Info: Character protrusion enabled (level 2).
Package microtype Info: Using default protrusion set `alltext'.
Package microtype Info: Automatic font expansion enabled (level 2),
(microtype)             stretch: 20, shrink: 20, step: 1, non-selected.
Package microtype Info: Using default expansion set `alltext-nott'.
LaTeX Info: Redefining \showhyphens on input line 156.
Package microtype Info: Tracking enabled.
Package microtype Info: Using tracking set `smallcaps'.
Package microtype Info: No adjustment of interword spacing.
Package microtype Info: No adjustment of character kerning.
(/export/pkgs/texlive-2022/texmf-dist/tex/latex/microtype/mt-bch.cfg
File: mt-bch.cfg 2007/03/03 v1.5 microtype config. file: Bitstream Charter (RS)

)
LaTeX Font Info:    Font shape `T1/XCharter-TLF/b/n' will be
(Font)              scaled to size 10.95pt on input line 157.
LaTeX Font Info:    Font shape `T1/XCharter-TLF/b/n' will be
(Font)              scaled to size 21.0pt on input line 157.
LaTeX Font Info:    Font shape `T1/XCharter-TLF/b/n' will be
(Font)              scaled to size 10.0pt on input line 157.
LaTeX Font Info:    Trying to load font information for OT1+XCharter-TLF on inp
ut line 157.

(/export/pkgs/texlive-2022/texmf-dist/tex/latex/xcharter/OT1XCharter-TLF.fd
File: OT1XCharter-TLF.fd 2017/06/25 (autoinst) Font definitions for OT1/XCharte
r-TLF.
)
LaTeX Font Info:    Font shape `OT1/XCharter-TLF/m/n' will be
(Font)              scaled to size 10.0pt on input line 157.
<<ot1.cmap>>
LaTeX Font Info:    Font shape `OT1/XCharter-TLF/m/n' will be
(Font)              scaled to size 7.3pt on input line 157.
LaTeX Font Info:    Font shape `OT1/XCharter-TLF/m/n' will be
(Font)              scaled to size 5.5pt on input line 157.
<<oml.cmap>>
LaTeX Font Info:    Trying to load font information for U+msa on input line 157
.

(/export/pkgs/texlive-2022/texmf-dist/tex/latex/amsfonts/umsa.fd
File: umsa.fd 2013/01/14 v3.01 AMS symbols A
)
(/export/pkgs/texlive-2022/texmf-dist/tex/latex/microtype/mt-msa.cfg
File: mt-msa.cfg 2006/02/04 v1.1 microtype config. file: AMS symbols (a) (RS)
)
LaTeX Font Info:    Trying to load font information for U+msb on input line 157
.

(/export/pkgs/texlive-2022/texmf-dist/tex/latex/amsfonts/umsb.fd
File: umsb.fd 2013/01/14 v3.01 AMS symbols B
)
(/export/pkgs/texlive-2022/texmf-dist/tex/latex/microtype/mt-msb.cfg
File: mt-msb.cfg 2005/06/01 v1.0 microtype config. file: AMS symbols (b) (RS)
)
LaTeX Font Info:    Trying to load font information for U+ntxmia on input line 
157.

(/export/pkgs/texlive-2022/texmf-dist/tex/latex/newtx/untxmia.fd
File: untxmia.fd 2018/04/14 Fontinst v1.933 font definitions for U/ntxmia.
)
LaTeX Font Info:    Trying to load font information for U+ntxsym on input line 
157.

(/export/pkgs/texlive-2022/texmf-dist/tex/latex/newtx/untxsym.fd
File: untxsym.fd 2015/03/20 Fontinst v1.933 font definitions for U/ntxsym.
)
LaTeX Font Info:    Trying to load font information for U+ntxsyc on input line 
157.

(/export/pkgs/texlive-2022/texmf-dist/tex/latex/newtx/untxsyc.fd
File: untxsyc.fd 2012/04/12 Fontinst v1.933 font definitions for U/ntxsyc.
)
LaTeX Font Info:    Font shape `OT1/XCharter-TLF/b/n' will be
(Font)              scaled to size 10.0pt on input line 157.
LaTeX Font Info:    Font shape `OT1/XCharter-TLF/b/n' will be
(Font)              scaled to size 7.3pt on input line 157.
LaTeX Font Info:    Font shape `OT1/XCharter-TLF/b/n' will be
(Font)              scaled to size 5.5pt on input line 157.
LaTeX Font Info:    Font shape `T1/XCharter-TLF/b/n' will be
(Font)              scaled to size 7.3pt on input line 157.
LaTeX Font Info:    Font shape `T1/XCharter-TLF/m/n' will be
(Font)              scaled to size 7.3pt on input line 157.
LaTeX Font Info:    Font shape `T1/XCharter-TLF/m/n' will be
(Font)              scaled to size 10.0pt on input line 157.
LaTeX Font Info:    Font shape `T1/XCharter-TLF/m/n' will be
(Font)              scaled to size 8.0pt on input line 157.
LaTeX Font Info:    Font shape `OT1/XCharter-TLF/m/n' will be
(Font)              scaled to size 8.0pt on input line 157.
LaTeX Font Info:    Font shape `OT1/XCharter-TLF/m/n' will be
(Font)              scaled to size 6.2pt on input line 157.
LaTeX Font Info:    Font shape `OT1/XCharter-TLF/b/n' will be
(Font)              scaled to size 8.0pt on input line 157.
LaTeX Font Info:    Font shape `OT1/XCharter-TLF/b/n' will be
(Font)              scaled to size 6.2pt on input line 157.
LaTeX Font Info:    Font shape `T1/XCharter-TLF/m/n' will be
(Font)              scaled to size 6.2pt on input line 157.
LaTeX Font Info:    Font shape `T1/XCharter-TLF/b/sc' will be
(Font)              scaled to size 10.0pt on input line 157.
LaTeX Font Info:    Font shape `OT1/XCharter-TLF/m/n' will be
(Font)              scaled to size 10.95pt on input line 157.
LaTeX Font Info:    Font shape `OT1/XCharter-TLF/m/n' will be
(Font)              scaled to size 6.1pt on input line 157.
LaTeX Font Info:    Font shape `OT1/XCharter-TLF/b/n' will be
(Font)              scaled to size 10.95pt on input line 157.
LaTeX Font Info:    Font shape `OT1/XCharter-TLF/b/n' will be
(Font)              scaled to size 6.1pt on input line 157.

Underfull \hbox (badness 10000) in paragraph at lines 157--158

 []

(./intro.tex
LaTeX Font Info:    Font shape `T1/XCharter-TLF/m/n' will be
(Font)              scaled to size 12.0pt on input line 1.
LaTeX Font Info:    Font shape `T1/XCharter-TLF/b/n' will be
(Font)              scaled to size 12.0pt on input line 1.
LaTeX Font Info:    Font shape `T1/XCharter-TLF/b/n' will be
(Font)              scaled to size 13.0pt on input line 1.
LaTeX Font Info:    Font shape `T1/XCharter-TLF/m/sc' will be
(Font)              scaled to size 10.95pt on input line 13.
<logos/purdue.png, id=171, 841.1425pt x 150.5625pt>
File: logos/purdue.png Graphic file (type png)
<use logos/purdue.png>
Package pdftex.def Info: logos/purdue.png  used on input line 16.
(pdftex.def)             Requested size: 111.72679pt x 20.0pt.
<logos/68fb81d9fd1aef0f466fff2fe222f631.jpg, id=173, 701.62125pt x 124.465pt>
File: logos/68fb81d9fd1aef0f466fff2fe222f631.jpg Graphic file (type jpg)
<use logos/68fb81d9fd1aef0f466fff2fe222f631.jpg>
Package pdftex.def Info: logos/68fb81d9fd1aef0f466fff2fe222f631.jpg  used on in
put line 16.
(pdftex.def)             Requested size: 112.74345pt x 20.0pt.
LaTeX Font Info:    Font shape `T1/XCharter-TLF/m/it' will be
(Font)              scaled to size 8.0pt on input line 16.
LaTeX Font Info:    Font shape `T1/XCharter-TLF/b/n' will be
(Font)              scaled to size 8.0pt on input line 16.
 [1

{/export/pkgs/texlive-2022/texmf-var/fonts/map/pdftex/updmap/pdftex.map} <./log
os/purdue.png> <./logos/68fb81d9fd1aef0f466fff2fe222f631.jpg>]
<pictures/samples.jpg, id=212, 7070.415pt x 7070.415pt>
File: pictures/samples.jpg Graphic file (type jpg)
<use pictures/samples.jpg>
Package pdftex.def Info: pictures/samples.jpg  used on input line 20.
(pdftex.def)             Requested size: 448.6987pt x 448.69666pt.
LaTeX Font Info:    Font shape `T1/XCharter-TLF/m/n' will be
(Font)              scaled to size 6.1pt on input line 25.

[2 <./pictures/samples.jpg>]
LaTeX Font Info:    Trying to load font information for TS1+XCharter-TLF on inp
ut line 32.

(/export/pkgs/texlive-2022/texmf-dist/tex/latex/xcharter/TS1XCharter-TLF.fd
File: TS1XCharter-TLF.fd 2020/05/25 (msharpe) Font definitions for TS1/XCharter
-TLF.
)
LaTeX Font Info:    Font shape `TS1/XCharter-TLF/m/n' will be
(Font)              scaled to size 10.95pt on input line 32.
Package microtype Info: Character `textbardbl ' is missing
(microtype)             in font `TS1/XCharter-TLF/m/n/10.95'.
(microtype)             Ignoring protrusion settings for this character.
Package microtype Info: Character `textcelsius ' is missing
(microtype)             in font `TS1/XCharter-TLF/m/n/10.95'.
(microtype)             Ignoring protrusion settings for this character.
LaTeX Font Info:    Font shape `T1/XCharter-TLF/m/it' will be
(Font)              scaled to size 10.95pt on input line 32.
)
(./back.tex [3]) (./method.tex [4]
<pictures/reward_domination.pdf, id=274, 379.08144pt x 213.30064pt>
File: pictures/reward_domination.pdf Graphic file (type pdf)
<use pictures/reward_domination.pdf>
Package pdftex.def Info: pictures/reward_domination.pdf  used on input line 25.

(pdftex.def)             Requested size: 226.70963pt x 127.56476pt.
<pictures/toy_1d_experiment.png, id=276, 381.06pt x 212.868pt>
File: pictures/toy_1d_experiment.png Graphic file (type png)
<use pictures/toy_1d_experiment.png>
Package pdftex.def Info: pictures/toy_1d_experiment.png  used on input line 31.

(pdftex.def)             Requested size: 226.70963pt x 126.64665pt.
LaTeX Font Info:    Font shape `T1/XCharter-TLF/m/sc' will be
(Font)              scaled to size 10.0pt on input line 32.
<pictures/baseline_schematic.pdf, id=282, 566.115pt x 240.9pt>
File: pictures/baseline_schematic.pdf Graphic file (type pdf)
<use pictures/baseline_schematic.pdf>
Package pdftex.def Info: pictures/baseline_schematic.pdf  used on input line 56
.
(pdftex.def)             Requested size: 226.70963pt x 96.47223pt.
<pictures/didr_schematic.pdf, id=283, 559.97249pt x 240.9pt>
File: pictures/didr_schematic.pdf Graphic file (type pdf)
<use pictures/didr_schematic.pdf>
Package pdftex.def Info: pictures/didr_schematic.pdf  used on input line 62.
(pdftex.def)             Requested size: 226.70963pt x 97.52719pt.
 [5 <./pictures/reward_domination.pdf> <./pictures/toy_1d_experiment.png> <./pi
ctures/baseline_schematic.pdf> <./pictures/didr_schematic.pdf

pdfTeX warning: pdflatex (file ./pictures/didr_schematic.pdf): PDF inclusion: m
ultiple pdfs with page group included in a single page
>] [6]
LaTeX Font Info:    Font shape `T1/XCharter-TLF/m/scit' will be
(Font)              scaled to size 10.95pt on input line 232.
) (./experiments.tex [7]
LaTeX Font Info:    Font shape `T1/XCharter-TLF/b/sc' will be
(Font)              scaled to size 10.95pt on input line 18.
LaTeX Font Info:    Font shape `T1/XCharter-TLF/b/n' will be
(Font)              scaled to size 6.1pt on input line 18.
<pictures/model_scatter.png, id=520, 321.8424pt x 265.2309pt>
File: pictures/model_scatter.png Graphic file (type png)
<use pictures/model_scatter.png>
Package pdftex.def Info: pictures/model_scatter.png  used on input line 26.
(pdftex.def)             Requested size: 192.70456pt x 158.81194pt.
<pictures/training_trajectory.pdf, id=521, 323.04689pt x 265.2309pt>
File: pictures/training_trajectory.pdf Graphic file (type pdf)
<use pictures/training_trajectory.pdf>
Package pdftex.def Info: pictures/training_trajectory.pdf  used on input line 3
3.
(pdftex.def)             Requested size: 192.70456pt x 158.22107pt.
 (./tabs/main_results.tex)
<pictures/comparison_sdxl.png, id=546, 313.17pt x 250.536pt>
File: pictures/comparison_sdxl.png Graphic file (type png)
<use pictures/comparison_sdxl.png>
Package pdftex.def Info: pictures/comparison_sdxl.png  used on input line 55.
(pdftex.def)             Requested size: 269.692pt x 215.75874pt.
<pictures/comparison_zimage.png, id=547, 235.1184pt x 250.536pt>
File: pictures/comparison_zimage.png Graphic file (type png)
<use pictures/comparison_zimage.png>
Package pdftex.def Info: pictures/comparison_zimage.png  used on input line 57.

(pdftex.def)             Requested size: 202.14828pt x 215.41087pt.
 [8] [9 <./pictures/model_scatter.png> <./pictures/training_trajectory.pdf>] (.
/tabs/ablation.tex))
(./related.tex) (./conclusion.tex [10 <./pictures/comparison_sdxl.png (PNG copy
)> <./pictures/comparison_zimage.png (PNG copy)>]) (./main.bbl
LaTeX Font Info:    Trying to load font information for T1+zlmtt on input line 
11.

(/export/pkgs/texlive-2022/texmf-dist/tex/latex/zlmtt/t1zlmtt.fd
File: t1zlmtt.fd 2014/02/07 v1.0 Alternate font definitions for Latin Modern Ty
pewriter, Michael Sharpe
)
LaTeX Font Info:    Font shape `T1/zlmtt/m/n' will be
(Font)              scaled to size 12.04506pt on input line 11.
Package microtype Info: Loading generic protrusion settings for font family
(microtype)             `zlmtt' (encoding: T1).
(microtype)             For optimal results, create family-specific settings.
(microtype)             See the microtype manual for details.
 [11] [12]
[13]
Underfull \hbox (badness 10000) in paragraph at lines 301--306
[]\T1/XCharter-TLF/m/n/10.95 (+20) Christoph Schuh-mann.  LAION-Aesthetics Pre-
dic-tor V2.  [][]$\T1/zlmtt/m/n/10.95 https : / / github . com /
 []

[14]) [15] (./main.toc [16])
\tf@toc=\write5
\openout5 = `main.toc'.

 (./derivation.tex
<pictures/Pipeline.png, id=722, 1381.16pt x 770.88pt>
File: pictures/Pipeline.png Graphic file (type png)
<use pictures/Pipeline.png>
Package pdftex.def Info: pictures/Pipeline.png  used on input line 4.
(pdftex.def)             Requested size: 448.6987pt x 250.42717pt.
LaTeX Font Info:    Font shape `T1/XCharter-TLF/m/it' will be
(Font)              scaled to size 10.0pt on input line 23.
<pictures/tau_figure.png, id=727, 313.17pt x 328.5876pt>
File: pictures/tau_figure.png Graphic file (type png)
<use pictures/tau_figure.png>
Package pdftex.def Info: pictures/tau_figure.png  used on input line 33.
(pdftex.def)             Requested size: 472.31595pt x 495.58765pt.


LaTeX Warning: `h' float specifier changed to `ht'.

<pictures/mult_figure.png, id=729, 472.164pt x 328.5876pt>
File: pictures/mult_figure.png Graphic file (type png)
<use pictures/mult_figure.png>
Package pdftex.def Info: pictures/mult_figure.png  used on input line 40.
(pdftex.def)             Requested size: 472.31595pt x 328.69708pt.

LaTeX Warning: `h' float specifier changed to `ht'.

<pictures/failure_figure.png, id=731, 2569.6pt x 513.92pt>
File: pictures/failure_figure.png Graphic file (type png)
<use pictures/failure_figure.png>
Package pdftex.def Info: pictures/failure_figure.png  used on input line 47.
(pdftex.def)             Requested size: 472.31595pt x 94.46205pt.

LaTeX Warning: `h' float specifier changed to `ht'.


Package hyperref Warning: Token not allowed in a PDF string (Unicode):
(hyperref)                removing `\hbox' on input line 55.


Package hyperref Warning: Token not allowed in a PDF string (Unicode):
(hyperref)                removing `\mathsurround' on input line 55.


Package hyperref Warning: Token not allowed in a PDF string (Unicode):
(hyperref)                removing `\z@' on input line 55.


Package hyperref Warning: Token not allowed in a PDF string (Unicode):
(hyperref)                removing `\unskip' on input line 55.


Package hyperref Warning: Token not allowed in a PDF string (Unicode):
(hyperref)                removing `\@@italiccorr' on input line 55.

[17 <./pictures/Pipeline.png>]
Overfull \vbox (8.69379pt too high) has occurred while \output is active []


[18 <./pictures/tau_figure.png (PNG copy)>] [19 <./pictures/mult_figure.png (PN
G copy)> <./pictures/failure_figure.png (PNG copy)>]
Overfull \hbox (25.9221pt too wide) in paragraph at lines 114--116
\T1/XCharter-TLF/m/n/10.95 (-20) into $\OML/zchmi/m/it/10.95 q[]\LMS/ntxsy/m/n/
10.95 ¹\OML/zchmi/m/it/10.95 x[]\LMS/ntxsy/m/n/10.95 j\OML/zchmi/m/it/10.95 c\L
MS/ntxsy/m/n/10.95 º \U/ntxmia/m/it/10.95 = [] \OML/zchmi/m/it/10.95 q[]\LMS/nt
xsy/m/n/10.95 ¹\OML/zchmi/m/it/10.95 x[]\LMS/ntxsy/m/n/10.95 j\OML/zchmi/m/it/1
0.95 x[]\LMS/ntxsy/m/n/10.95 º \OML/zchmi/m/it/10.95 q[]\LMS/ntxsy/m/n/10.95 ¹\
OML/zchmi/m/it/10.95 x[]\LMS/ntxsy/m/n/10.95 j\OML/zchmi/m/it/10.95 c\LMS/ntxsy
/m/n/10.95 º\OT1/XCharter-TLF/m/n/10.95 (-20) d\OML/zchmi/m/it/10.95 x[]$ \T1/X
Charter-TLF/m/n/10.95 (-20) and us-ing the Bayes fac-tor-iza-tion $\OML/zchmi/m
/it/10.95 q[]\LMS/ntxsy/m/n/10.95 ¹\OML/zchmi/m/it/10.95 x[]\LMS/ntxsy/m/n/10.9
5 j\OML/zchmi/m/it/10.95 c\LMS/ntxsy/m/n/10.95 º \OML/zchmi/m/it/10.95 q[]\LMS/
ntxsy/m/n/10.95 ¹\OML/zchmi/m/it/10.95 x[]\LMS/ntxsy/m/n/10.95 j\OML/zchmi/m/it
/10.95 x[]\LMS/ntxsy/m/n/10.95 º \U/ntxmia/m/it/10.95 = \OML/zchmi/m/it/10.95 q
[]\LMS/ntxsy/m/n/10.95 ¹\OML/zchmi/m/it/10.95 x[]\LMS/ntxsy/m/n/10.95 j\OML/zch
mi/m/it/10.95 c\LMS/ntxsy/m/n/10.95 º \OML/zchmi/m/it/10.95 q\LMS/ntxsy/m/n/10.
95 ¹\OML/zchmi/m/it/10.95 x[]\LMS/ntxsy/m/n/10.95 j\OML/zchmi/m/it/10.95 x[]; c
\LMS/ntxsy/m/n/10.95 º$\T1/XCharter-TLF/m/n/10.95 (-20) : 
 []

[20] [21]
LaTeX Font Info:    Font shape `T1/XCharter-TLF/b/it' will be
(Font)              scaled to size 10.95pt on input line 208.
 [22]
Overfull \hbox (11.40303pt too wide) in paragraph at lines 249--250
\T1/XCharter-TLF/m/n/10.95 (-20) Under the VP for-ward pro-cess with $[] \U/ntx
mia/m/it/10.95 = \OML/zchmi/m/it/10.95 e[]$\T1/XCharter-TLF/m/n/10.95 (-20) , $
\OML/zchmi/m/it/10.95 t \LMS/ntxsy/m/n/10.95 2 »\OT1/XCharter-TLF/m/n/10.95 (-2
0) 0\OML/zchmi/m/it/10.95 ; \LMS/ntxsy/m/n/10.95 1º$\T1/XCharter-TLF/m/n/10.95 
(-20) , the for-ward ker-nel is $\OML/zchmi/m/it/10.95 q[]\LMS/ntxsy/m/n/10.95 
¹\OML/zchmi/m/it/10.95 x[]\LMS/ntxsy/m/n/10.95 j\OML/zchmi/m/it/10.95 x[]\LMS/n
txsy/m/n/10.95 º \U/ntxmia/m/it/10.95 = \LMS/ntxsy/m/n/10.95 N¹\OML/zchmi/m/it/
10.95 x[]\OT1/XCharter-TLF/m/n/10.95 (-20) ; [] \OML/zchmi/m/it/10.95 x[]; \LMS
/ntxsy/m/n/10.95 ¹\OT1/XCharter-TLF/m/n/10.95 (-20) 1 \LMS/ntxsy/m/n/10.95 ^^@
 []

[23] [24] [25] [26] [27] [28] [29] [30]
LaTeX Font Info:    Font shape `T1/XCharter-TLF/b/n' will be
(Font)              scaled to size 5.5pt on input line 698.
 [31] [32]) [33]

AED: lastpage setting LastPage
(./main.aux)
Package rerunfilecheck Info: File `main.out' has not changed.
(rerunfilecheck)             Checksum: F82D66F3605FE7FE59842C52973735D0;5667.
 ) 
Here is how much of TeX's memory you used:
 39305 strings out of 477678
 736777 string characters out of 5823481
 1096995 words of memory out of 5000000
 56223 multiletter control sequences out of 15000+600000
 832520 words of font info for 681 fonts, out of 8000000 for 9000
 1141 hyphenation exceptions out of 8191
 87i,16n,131p,1429b,720s stack positions out of 10000i,1000n,20000p,200000b,200000s
{/export/pkgs/texlive-2022/texmf-dist/fonts/enc/dvips/xcharter/xch_rydp4l.enc
}{/export/pkgs/texlive-2022/texmf-dist/fonts/enc/dvips/lm/lm-ec.enc}{/export/pk
gs/texlive-2022/texmf-dist/fonts/enc/dvips/xcharter/xch_t5vgvk.enc}{/export/pkg
s/texlive-2022/texmf-dist/fonts/enc/dvips/xcharter/xch_oeyavg.enc}{/export/pkgs
/texlive-2022/texmf-dist/fonts/enc/dvips/xcharter/xch1_co4ru4.enc}{/export/pkgs
/texlive-2022/texmf-dist/fonts/enc/dvips/xcharter/xch_yelf2i.enc}{/export/pkgs/
texlive-2022/texmf-dist/fonts/enc/dvips/xcharter/xch_ttjfqt.enc}{/export/pkgs/t
exlive-2022/texmf-dist/fonts/enc/dvips/xcharter/xch_4j4sw5.enc}</export/pkgs/te
xlive-2022/texmf-dist/fonts/type1/public/xcharter/XCharter-Bold.pfb></export/pk
gs/texlive-2022/texmf-dist/fonts/type1/public/xcharter/XCharter-BoldItalic.pfb>
</export/pkgs/texlive-2022/texmf-dist/fonts/type1/public/xcharter/XCharter-Ital
ic.pfb></export/pkgs/texlive-2022/texmf-dist/fonts/type1/public/xcharter/XChart
er-Roman.pfb></export/pkgs/texlive-2022/texmf-dist/fonts/type1/public/xcharter/
XCharterMathBMI.pfb></export/pkgs/texlive-2022/texmf-dist/fonts/type1/public/xc
harter/XCharterMathMI.pfb></export/pkgs/texlive-2022/texmf-dist/fonts/type1/pub
lic/xcharter/XCharterMathRM.pfb></export/pkgs/texlive-2022/texmf-dist/fonts/typ
e1/public/amsfonts/cm/cmr10.pfb></export/pkgs/texlive-2022/texmf-dist/fonts/typ
e1/public/amsfonts/cm/cmr9.pfb></export/pkgs/texlive-2022/texmf-dist/fonts/type
1/public/amsfonts/cm/cmsy10.pfb></export/pkgs/texlive-2022/texmf-dist/fonts/typ
e1/public/lm/lmtt10.pfb></export/pkgs/texlive-2022/texmf-dist/fonts/type1/publi
c/newtx/txexas.pfb></export/pkgs/texlive-2022/texmf-dist/fonts/type1/public/new
tx/txexs.pfb></export/pkgs/texlive-2022/texmf-dist/fonts/type1/public/newtx/txm
iaSTbb.pfb></export/pkgs/texlive-2022/texmf-dist/fonts/type1/public/newtx/txmia
X.pfb></export/pkgs/texlive-2022/texmf-dist/fonts/type1/public/txfonts/txsya.pf
b></export/pkgs/texlive-2022/texmf-dist/fonts/type1/public/newtx/txsys.pfb>
Output written on main.pdf (33 pages, 23646845 bytes).
PDF statistics:
 1141 PDF objects out of 1200 (max. 8388607)
 963 compressed objects within 10 object streams
 235 named destinations out of 1000 (max. 500000)
 148300 words of extra memory for PDF output out of 154059 (max. 10000000)

