\BOOKMARK [1][-]{section.1}{\376\377\000I\000n\000t\000r\000o\000d\000u\000c\000t\000i\000o\000n}{}% 1
\BOOKMARK [1][-]{section.2}{\376\377\000P\000r\000e\000l\000i\000m\000i\000n\000a\000r\000i\000e\000s}{}% 2
\BOOKMARK [1][-]{section.3}{\376\377\000T\000h\000e\000\040\000P\000r\000o\000p\000o\000s\000e\000d\000\040\000D\000i\000f\000f\000-\000I\000n\000s\000t\000r\000u\000c\000t\000\040\000w\000i\000t\000h\000\040\000D\000i\000f\000f\000u\000s\000e\000d\000\040\000R\000e\000w\000a\000r\000d}{}% 3
\BOOKMARK [2][-]{subsection.3.1}{\376\377\000T\000e\000r\000m\000i\000n\000a\000l\000\040\000R\000e\000w\000a\000r\000d\000\040\000D\000o\000m\000i\000n\000a\000t\000i\000o\000n}{section.3}% 4
\BOOKMARK [2][-]{subsection.3.2}{\376\377\000R\000e\000w\000a\000r\000d\000-\000T\000i\000l\000t\000e\000d\000\040\000T\000r\000a\000j\000e\000c\000t\000o\000r\000y\000\040\000O\000b\000j\000e\000c\000t\000i\000v\000e}{section.3}% 5
\BOOKMARK [2][-]{subsection.3.3}{\376\377\000D\000i\000f\000f\000u\000s\000e\000d\000\040\000R\000e\000w\000a\000r\000d\000\040\000P\000r\000o\000x\000y}{section.3}% 6
\BOOKMARK [2][-]{subsection.3.4}{\376\377\000P\000r\000a\000c\000t\000i\000c\000a\000l\000\040\000T\000r\000a\000i\000n\000i\000n\000g\000\040\000w\000i\000t\000h\000\040\000a\000\040\000T\000e\000a\000c\000h\000i\000n\000g\000\040\000A\000s\000s\000i\000s\000t\000a\000n\000t}{section.3}% 7
\BOOKMARK [1][-]{section.4}{\376\377\000E\000m\000p\000i\000r\000i\000c\000a\000l\000\040\000R\000e\000s\000u\000l\000t\000s}{}% 8
\BOOKMARK [2][-]{subsection.4.1}{\376\377\000Q\000u\000a\000n\000t\000i\000t\000a\000t\000i\000v\000e\000\040\000R\000e\000s\000u\000l\000t\000s}{section.4}% 9
\BOOKMARK [2][-]{subsection.4.2}{\376\377\000Q\000u\000a\000l\000i\000t\000a\000t\000i\000v\000e\000\040\000C\000o\000m\000p\000a\000r\000i\000s\000o\000n}{section.4}% 10
\BOOKMARK [2][-]{subsection.4.3}{\376\377\000A\000b\000l\000a\000t\000i\000o\000n\000\040\000S\000t\000u\000d\000i\000e\000s}{section.4}% 11
\BOOKMARK [1][-]{section.5}{\376\377\000R\000e\000l\000a\000t\000e\000d\000\040\000W\000o\000r\000k}{}% 12
\BOOKMARK [1][-]{section.6}{\376\377\000C\000o\000n\000c\000l\000u\000s\000i\000o\000n\000\040\000a\000n\000d\000\040\000L\000i\000m\000i\000t\000a\000t\000i\000o\000n\000s}{}% 13
\BOOKMARK [1][-]{appendix.A}{\376\377\000M\000e\000t\000h\000o\000d\000\040\000S\000u\000p\000p\000l\000e\000m\000e\000n\000t\000s}{}% 14
\BOOKMARK [1][-]{appendix.B}{\376\377\000A\000d\000d\000i\000t\000i\000o\000n\000a\000l\000\040\000Q\000u\000a\000l\000i\000t\000a\000t\000i\000v\000e\000\040\000R\000e\000s\000u\000l\000t\000s}{}% 15
\BOOKMARK [1][-]{appendix.C}{\376\377\000T\000h\000e\000o\000r\000e\000t\000i\000c\000a\000l\000\040\000D\000e\000r\000i\000v\000a\000t\000i\000o\000n\000s}{}% 16
\BOOKMARK [2][-]{subsection.C.1}{\376\377\000P\000r\000o\000o\000f\000\040\000o\000f\000\040\000t\000h\000e\000\040\000R\000L\000H\000F\000-\000T\000a\000r\000g\000e\000t\000\040\000E\000q\000u\000i\000v\000a\000l\000e\000n\000c\000e\000\040\000\050\000E\000q\000.\000\040\000\050\0002\000\051\000\051}{appendix.C}% 17
\BOOKMARK [2][-]{subsection.C.2}{\376\377\000P\000r\000o\000o\000f\000\040\000o\000f\000\040\000P\000r\000o\000p\000o\000s\000i\000t\000i\000o\000n\000\040\0002\000\040\000\050\000I\000K\000L\000\040\000S\000h\000a\000r\000e\000s\000\040\000t\000h\000e\000\040\000R\000L\000H\000F\000\040\000M\000i\000n\000i\000m\000i\000z\000e\000r\000\051}{appendix.C}% 18
\BOOKMARK [2][-]{subsection.C.3}{\376\377\000P\000r\000o\000o\000f\000\040\000o\000f\000\040\000T\000h\000e\000o\000r\000e\000m\000\040\0003\000\040\000\050\000S\000c\000o\000r\000e\000-\000b\000a\000s\000e\000d\000\040\000D\000I\000D\000R\000\040\000G\000r\000a\000d\000i\000e\000n\000t\000\051}{appendix.C}% 19
\BOOKMARK [2][-]{subsection.C.4}{\376\377\000P\000r\000o\000o\000f\000\040\000o\000f\000\040\000P\000r\000o\000p\000o\000s\000i\000t\000i\000o\000n\000\040\0005\000\040\000\050\000D\000i\000f\000f\000u\000s\000e\000d\000\040\000R\000e\000w\000a\000r\000d\000\040\000P\000r\000o\000x\000y\000\051}{appendix.C}% 20
\BOOKMARK [2][-]{subsection.C.5}{\376\377\000A\000\040\000B\000i\000m\000o\000d\000a\000l\000\040\000G\000a\000u\000s\000s\000i\000a\000n\000\040\000E\000x\000a\000m\000p\000l\000e\000\040\000o\000f\000\040\000T\000e\000r\000m\000i\000n\000a\000l\000\040\000R\000e\000w\000a\000r\000d\000\040\000D\000o\000m\000i\000n\000a\000t\000i\000o\000n}{appendix.C}% 21
\BOOKMARK [1][-]{appendix.D}{\376\377\0001\000-\000D\000\040\000T\000o\000y\000\040\000E\000x\000p\000e\000r\000i\000m\000e\000n\000t}{}% 22
\BOOKMARK [1][-]{appendix.E}{\376\377\000E\000v\000a\000l\000u\000a\000t\000i\000o\000n\000\040\000M\000e\000t\000r\000i\000c\000s}{}% 23
\BOOKMARK [1][-]{appendix.F}{\376\377\000P\000e\000r\000-\000C\000a\000t\000e\000g\000o\000r\000y\000\040\000R\000e\000s\000u\000l\000t\000s}{}% 24
\BOOKMARK [1][-]{appendix.G}{\376\377\000F\000u\000l\000l\000\040\000T\000r\000a\000i\000n\000i\000n\000g\000\040\000A\000l\000g\000o\000r\000i\000t\000h\000m}{}% 25
\BOOKMARK [1][-]{appendix.H}{\376\377\000I\000m\000p\000l\000e\000m\000e\000n\000t\000a\000t\000i\000o\000n\000\040\000D\000e\000t\000a\000i\000l\000s}{}% 26
\BOOKMARK [2][-]{subsection.H.1}{\376\377\000S\000D\000X\000L\000\040\000E\000x\000p\000e\000r\000i\000m\000e\000n\000t\000s}{appendix.H}% 27
\BOOKMARK [2][-]{subsection.H.2}{\376\377\000Z\000-\000I\000m\000a\000g\000e\000\040\000E\000x\000p\000e\000r\000i\000m\000e\000n\000t\000s}{appendix.H}% 28
\BOOKMARK [1][-]{appendix.I}{\376\377\000I\000m\000a\000g\000e\000\040\000G\000e\000n\000e\000r\000a\000t\000i\000o\000n\000\040\000P\000r\000o\000m\000p\000t\000s}{}% 29
